ARM Linker, 5.03 [Build 76] [MDK-ARM Professional]

==============================================================================

Section Cross References

    board.o(i.mbed_die) refers to gpio.o(i.gpio_init_out) for gpio_init_out
    board.o(i.mbed_die) refers to assert.o(i.mbed_assert_internal) for mbed_assert_internal
    board.o(i.mbed_die) refers to wait_api.o(i.wait_ms) for wait_ms
    board.o(i.mbed_die) refers to board.o(.conststring) for .conststring
    cmsis_nvic.o(i.NVIC_SetVector) refers to memcpya.o(.text) for __aeabi_memcpy4
    ds1820.o(i._ZN6DS182011temperatureEc) refers to ds1820.o(i._ZN6DS182013onewire_resetEPN4mbed12DigitalInOutE) for DS1820::onewire_reset(mbed::DigitalInOut*)
    ds1820.o(i._ZN6DS182011temperatureEc) refers to ds1820.o(i._ZN6DS182015onewire_bit_outEPN4mbed12DigitalInOutEb) for DS1820::onewire_bit_out(mbed::DigitalInOut*, bool)
    ds1820.o(i._ZN6DS182011temperatureEc) refers to ds1820.o(i._ZN6DS182014onewire_bit_inEPN4mbed12DigitalInOutE) for DS1820::onewire_bit_in(mbed::DigitalInOut*)
    ds1820.o(i._ZN6DS182011temperatureEc) refers to floorf.o(i.__hardfp_floorf) for __hardfp_floorf
    ds1820.o(i._ZN6DS182013onewire_resetEPN4mbed12DigitalInOutE) refers to gpio_api.o(i.gpio_dir) for gpio_dir
    ds1820.o(i._ZN6DS182013onewire_resetEPN4mbed12DigitalInOutE) refers to assert.o(i.mbed_assert_internal) for mbed_assert_internal
    ds1820.o(i._ZN6DS182013onewire_resetEPN4mbed12DigitalInOutE) refers to wait_api.o(i.wait_us) for wait_us
    ds1820.o(i._ZN6DS182013onewire_resetEPN4mbed12DigitalInOutE) refers to ds1820.o(.constdata) for .constdata
    ds1820.o(i._ZN6DS182013setResolutionEj) refers to ds1820.o(i._ZN6DS182016write_scratchpadEi) for DS1820::write_scratchpad(int)
    ds1820.o(i._ZN6DS182014onewire_bit_inEPN4mbed12DigitalInOutE) refers to gpio_api.o(i.gpio_dir) for gpio_dir
    ds1820.o(i._ZN6DS182014onewire_bit_inEPN4mbed12DigitalInOutE) refers to assert.o(i.mbed_assert_internal) for mbed_assert_internal
    ds1820.o(i._ZN6DS182014onewire_bit_inEPN4mbed12DigitalInOutE) refers to wait_api.o(i.wait_us) for wait_us
    ds1820.o(i._ZN6DS182014onewire_bit_inEPN4mbed12DigitalInOutE) refers to ds1820.o(.constdata) for .constdata
    ds1820.o(i._ZN6DS182015onewire_bit_outEPN4mbed12DigitalInOutEb) refers to gpio_api.o(i.gpio_dir) for gpio_dir
    ds1820.o(i._ZN6DS182015onewire_bit_outEPN4mbed12DigitalInOutEb) refers to assert.o(i.mbed_assert_internal) for mbed_assert_internal
    ds1820.o(i._ZN6DS182015onewire_bit_outEPN4mbed12DigitalInOutEb) refers to wait_api.o(i.wait_us) for wait_us
    ds1820.o(i._ZN6DS182015onewire_bit_outEPN4mbed12DigitalInOutEb) refers to ds1820.o(.constdata) for .constdata
    ds1820.o(i._ZN6DS182015onewire_byte_inEv) refers to ds1820.o(i._ZN6DS182014onewire_bit_inEPN4mbed12DigitalInOutE) for DS1820::onewire_bit_in(mbed::DigitalInOut*)
    ds1820.o(i._ZN6DS182015unassignedProbeE7PinName) refers to gpio.o(i.gpio_init_in) for gpio_init_in
    ds1820.o(i._ZN6DS182015unassignedProbeE7PinName) refers to ds1820.o(i._ZN6DS182018search_ROM_routineEPN4mbed12DigitalInOutEcPc) for DS1820::search_ROM_routine(mbed::DigitalInOut*, char, char*)
    ds1820.o(i._ZN6DS182015unassignedProbeEPN4mbed12DigitalInOutEPc) refers to ds1820.o(i._ZN6DS182018search_ROM_routineEPN4mbed12DigitalInOutEcPc) for DS1820::search_ROM_routine(mbed::DigitalInOut*, char, char*)
    ds1820.o(i._ZN6DS182016onewire_byte_outEc) refers to ds1820.o(i._ZN6DS182015onewire_bit_outEPN4mbed12DigitalInOutEb) for DS1820::onewire_bit_out(mbed::DigitalInOut*, bool)
    ds1820.o(i._ZN6DS182016write_scratchpadEi) refers to ds1820.o(i._ZN6DS182013onewire_resetEPN4mbed12DigitalInOutE) for DS1820::onewire_reset(mbed::DigitalInOut*)
    ds1820.o(i._ZN6DS182016write_scratchpadEi) refers to ds1820.o(i._ZN6DS182015onewire_bit_outEPN4mbed12DigitalInOutEb) for DS1820::onewire_bit_out(mbed::DigitalInOut*, bool)
    ds1820.o(i._ZN6DS182017read_power_supplyENS_7devicesE) refers to ds1820.o(i._ZN6DS182013onewire_resetEPN4mbed12DigitalInOutE) for DS1820::onewire_reset(mbed::DigitalInOut*)
    ds1820.o(i._ZN6DS182017read_power_supplyENS_7devicesE) refers to ds1820.o(i._ZN6DS182015onewire_bit_outEPN4mbed12DigitalInOutEb) for DS1820::onewire_bit_out(mbed::DigitalInOut*, bool)
    ds1820.o(i._ZN6DS182017read_power_supplyENS_7devicesE) refers to ds1820.o(i._ZN6DS182014onewire_bit_inEPN4mbed12DigitalInOutE) for DS1820::onewire_bit_in(mbed::DigitalInOut*)
    ds1820.o(i._ZN6DS182018convertTemperatureEbNS_7devicesE) refers to ds1820.o(i._ZN6DS182013onewire_resetEPN4mbed12DigitalInOutE) for DS1820::onewire_reset(mbed::DigitalInOut*)
    ds1820.o(i._ZN6DS182018convertTemperatureEbNS_7devicesE) refers to ds1820.o(i._ZN6DS182015onewire_bit_outEPN4mbed12DigitalInOutEb) for DS1820::onewire_bit_out(mbed::DigitalInOut*, bool)
    ds1820.o(i._ZN6DS182018convertTemperatureEbNS_7devicesE) refers to assert.o(i.mbed_assert_internal) for mbed_assert_internal
[...]
    I2C2_EV_IRQHandler                       0x080001cb   Thumb Code     0  startup_stm32f401xe.o(.text)
    I2C3_ER_IRQHandler                       0x080001cb   Thumb Code     0  startup_stm32f401xe.o(.text)
    I2C3_EV_IRQHandler                       0x080001cb   Thumb Code     0  startup_stm32f401xe.o(.text)
    OTG_FS_IRQHandler                        0x080001cb   Thumb Code     0  startup_stm32f401xe.o(.text)
    OTG_FS_WKUP_IRQHandler                   0x080001cb   Thumb Code     0  startup_stm32f401xe.o(.text)
    PVD_IRQHandler                           0x080001cb   Thumb Code     0  startup_stm32f401xe.o(.text)
    RCC_IRQHandler                           0x080001cb   Thumb Code     0  startup_stm32f401xe.o(.text)
    RTC_Alarm_IRQHandler                     0x080001cb   Thumb Code     0  startup_stm32f401xe.o(.text)
    RTC_WKUP_IRQHandler                      0x080001cb   Thumb Code     0  startup_stm32f401xe.o(.text)
    SDIO_IRQHandler                          0x080001cb   Thumb Code     0  startup_stm32f401xe.o(.text)
    SPI1_IRQHandler                          0x080001cb   Thumb Code     0  startup_stm32f401xe.o(.text)
    SPI2_IRQHandler                          0x080001cb   Thumb Code     0  startup_stm32f401xe.o(.text)
    SPI3_IRQHandler                          0x080001cb   Thumb Code     0  startup_stm32f401xe.o(.text)
    SPI4_IRQHandler                          0x080001cb   Thumb Code     0  startup_stm32f401xe.o(.text)
    TAMP_STAMP_IRQHandler                    0x080001cb   Thumb Code     0  startup_stm32f401xe.o(.text)
    TIM1_BRK_TIM9_IRQHandler                 0x080001cb   Thumb Code     0  startup_stm32f401xe.o(.text)
    TIM1_CC_IRQHandler                       0x080001cb   Thumb Code     0  startup_stm32f401xe.o(.text)
    TIM1_TRG_COM_TIM11_IRQHandler            0x080001cb   Thumb Code     0  startup_stm32f401xe.o(.text)
    TIM1_UP_TIM10_IRQHandler                 0x080001cb   Thumb Code     0  startup_stm32f401xe.o(.text)
    TIM2_IRQHandler                          0x080001cb   Thumb Code     0  startup_stm32f401xe.o(.text)
    TIM3_IRQHandler                          0x080001cb   Thumb Code     0  startup_stm32f401xe.o(.text)
    TIM4_IRQHandler                          0x080001cb   Thumb Code     0  startup_stm32f401xe.o(.text)
    TIM5_IRQHandler                          0x080001cb   Thumb Code     0  startup_stm32f401xe.o(.text)
    USART1_IRQHandler                        0x080001cb   Thumb Code     0  startup_stm32f401xe.o(.text)
    USART2_IRQHandler                        0x080001cb   Thumb Code     0  startup_stm32f401xe.o(.text)
    USART6_IRQHandler                        0x080001cb   Thumb Code     0  startup_stm32f401xe.o(.text)
    WWDG_IRQHandler                          0x080001cb   Thumb Code     0  startup_stm32f401xe.o(.text)
    fgetc                                    0x080001d5   Thumb Code    56  fgetc_bpf.o(.text)
    __backspace                              0x0800020d   Thumb Code    22  fgetc_bpf.o(.text)
    _initio                                  0x08000225   Thumb Code    20  initio_oe.o(.text)
    fputc                                    0x08000245   Thumb Code    40  fputc_fp.o(.text)
    fflush                                   0x0800026d   Thumb Code    38  fflush_fe.o(.text)
    setbuf                                   0x08000293   Thumb Code     2  setbuf.o(.text)
    __aeabi_ldivmod                          0x08000295   Thumb Code    90  ldiv.o(.text)
    __aeabi_memcpy                           0x080002ef   Thumb Code    36  memcpya.o(.text)
    __aeabi_memcpy4                          0x080002ef   Thumb Code     0  memcpya.o(.text)
    __aeabi_memcpy8                          0x080002ef   Thumb Code     0  memcpya.o(.text)
    __aeabi_memset                           0x08000313   Thumb Code    14  memseta.o(.text)
    __aeabi_memset4                          0x08000313   Thumb Code     0  memseta.o(.text)
    __aeabi_memset8                          0x08000313   Thumb Code     0  memseta.o(.text)
    __aeabi_memclr                           0x08000321   Thumb Code     4  memseta.o(.text)
    __aeabi_memclr4                          0x08000321   Thumb Code     0  memseta.o(.text)
    __aeabi_memclr8                          0x08000321   Thumb Code     0  memseta.o(.text)
    _memset$wrapper                          0x08000325   Thumb Code    18  memseta.o(.text)
    strcat                                   0x08000337   Thumb Code    24  strcat.o(.text)
    strstr                                   0x0800034f   Thumb Code    36  strstr.o(.text)
    strlen                                   0x08000373   Thumb Code    14  strlen.o(.text)
    strcmp                                   0x08000381   Thumb Code    28  strcmp.o(.text)
    strncmp                                  0x0800039d   Thumb Code    30  strncmp.o(.text)
    __0sscanf                                0x080003bd   Thumb Code    48  __0sscanf.o(.text)
    _scanf_int                               0x080003f5   Thumb Code   336  _scanf_int.o(.text)
    __cpp_initialize__aeabi_                 0x08000545   Thumb Code    22  cpp_init.o(.text)
    __aeabi_dadd                             0x08000565   Thumb Code   322  dadd.o(.text)
    __aeabi_dsub                             0x080006a7   Thumb Code     6  dadd.o(.text)
    __aeabi_drsub                            0x080006ad   Thumb Code     6  dadd.o(.text)
    __aeabi_dmul                             0x080006b3   Thumb Code   228  dmul.o(.text)
    __aeabi_ddiv                             0x08000797   Thumb Code   222  ddiv.o(.text)
    __aeabi_l2f                              0x08000875   Thumb Code    42  ffltl.o(.text)
    __aeabi_ui2d                             0x0800089f   Thumb Code    26  dfltui.o(.text)
    __aeabi_f2d                              0x080008b9   Thumb Code    38  f2d.o(.text)
    __aeabi_d2f                              0x080008df   Thumb Code    56  d2f.o(.text)
    __default_new_handler()                  0x08000917   Thumb Code     4  arm_newhandler_noexceptions.o(.text)
    __aeabi_uidiv                            0x0800091b   Thumb Code     0  uidiv.o(.text)
    __aeabi_uidivmod                         0x0800091b   Thumb Code    44  uidiv.o(.text)
    __aeabi_uldivmod                         0x08000947   Thumb Code    98  uldiv.o(.text)
    __aeabi_llsl                             0x080009a9   Thumb Code    30  llshl.o(.text)
    _ll_shift_l                              0x080009a9   Thumb Code     0  llshl.o(.text)
    __aeabi_llsr                             0x080009c7   Thumb Code    32  llushr.o(.text)
    _ll_ushift_r                             0x080009c7   Thumb Code     0  llushr.o(.text)
    __aeabi_lasr                             0x080009e7   Thumb Code    36  llsshr.o(.text)
    _ll_sshift_r                             0x080009e7   Thumb Code     0  llsshr.o(.text)
    _chval                                   0x08000a0b   Thumb Code    28  _chval.o(.text)
    __vfscanf_char                           0x08000a35   Thumb Code    20  scanf_char.o(.text)
    _sgetc                                   0x08000a51   Thumb Code    30  _sgetc.o(.text)
    _sbackspace                              0x08000a6f   Thumb Code    34  _sgetc.o(.text)
    __I$use$fp                               0x08000a91   Thumb Code     0  iusefp.o(.text)
    __rt_ddtor_pointer_addr                  0x08000a91   Thumb Code     4  cpp_dtor.o(.text)
    __rt_lib_shutdown_cpp_1                  0x08000a99   Thumb Code     2  cpp_final.o(.text)
    __rt_new_handler_addr                    0x08000a9d   Thumb Code     4  cpp_memory.o(.text)
    __rt_SIGPVFN                             0x08000aa5   Thumb Code     2  cpp_signal.o(.text)
    __aeabi_unwind_cpp_pr0                   0x08000aa9   Thumb Code     4  cpp_unwinder.o(.text)
    __aeabi_unwind_cpp_pr1                   0x08000aad   Thumb Code     4  cpp_unwinder.o(.text)
    _Unwind_DeleteException                  0x08000ab1   Thumb Code     2  cpp_unwinder.o(.text)
    _Unwind_Activity                         0x08000ab3   Thumb Code     2  cpp_unwinder.o(.text)
    _Unwind_RaiseException                   0x08000ab5   Thumb Code     4  cpp_unwinder.o(.text)
    __rt_eh_globals_addr                     0x08000ab9   Thumb Code    10  cpp_unwinder.o(.text)
    _float_round                             0x08000ac9   Thumb Code    18  fepilogue.o(.text)
    _float_epilogue                          0x08000adb   Thumb Code    90  fepilogue.o(.text)
    _double_round                            0x08000b35   Thumb Code    26  depilogue.o(.text)
    _double_epilogue                         0x08000b4f   Thumb Code   164  depilogue.o(.text)
    __aeabi_d2ulz                            0x08000bf3   Thumb Code    48  dfixul.o(.text)
    __aeabi_cdrcmple                         0x08000c25   Thumb Code    38  cdrcmple.o(.text)
    std::terminate()                         0x08000c4d   Thumb Code    26  arm_exceptions_terminate.o(.text)
    __scatterload                            0x08000c69   Thumb Code    28  init.o(.text)
    __scatterload_rt2                        0x08000c69   Thumb Code     0  init.o(.text)
    isspace                                  0x08000c8d   Thumb Code    10  isspace_c.o(.text)
    __vfscanf                                0x08000c99   Thumb Code   806  _scanf.o(.text)
    __cxa_get_globals                        0x08000fcb   Thumb Code    62  arm_exceptions_globs.o(.text)
    __ctype_lookup                           0x08001015   Thumb Code    34  ctype_c.o(.text)
    __ARM_exceptions_buffer_init             0x0800103d   Thumb Code    18  arm_exceptions_mem.o(.text)
    __ARM_exceptions_buffer_allocate         0x0800104f   Thumb Code    22  arm_exceptions_mem.o(.text)
    __ARM_exceptions_buffer_free             0x08001065   Thumb Code    20  arm_exceptions_mem.o(.text)
    main                                     0x08001079   Thumb Code    18  retarget.o(i.$Sub$$main)
    HAL_ADC_ConfigChannel                    0x08001095   Thumb Code   422  stm32f4xx_hal_adc.o(i.HAL_ADC_ConfigChannel)
    HAL_ADC_GetValue                         0x08001249   Thumb Code     6  stm32f4xx_hal_adc.o(i.HAL_ADC_GetValue)
    HAL_ADC_Init                             0x08001251   Thumb Code   346  stm32f4xx_hal_adc.o(i.HAL_ADC_Init)
    HAL_ADC_MspInit                          0x080013b5   Thumb Code     2  stm32f4xx_hal_adc.o(i.HAL_ADC_MspInit)
    HAL_ADC_PollForConversion                0x080013b9   Thumb Code   128  stm32f4xx_hal_adc.o(i.HAL_ADC_PollForConversion)
    HAL_ADC_Start                            0x08001439   Thumb Code   198  stm32f4xx_hal_adc.o(i.HAL_ADC_Start)
    HAL_GPIO_Init                            0x0800150d   Thumb Code   494  stm32f4xx_hal_gpio.o(i.HAL_GPIO_Init)
    HAL_GetTick                              0x08001711   Thumb Code     6  stm32f4xx_hal.o(i.HAL_GetTick)
    HAL_I2C_Init                             0x0800171d   Thumb Code   248  stm32f4xx_hal_i2c.o(i.HAL_I2C_Init)
    HAL_I2C_MspInit                          0x0800181d   Thumb Code     2  stm32f4xx_hal_i2c.o(i.HAL_I2C_MspInit)
    HAL_IncTick                              0x08001821   Thumb Code    10  stm32f4xx_hal.o(i.HAL_IncTick)
    HAL_Init                                 0x08001831   Thumb Code    48  stm32f4xx_hal.o(i.HAL_Init)
    HAL_InitTick                             0x08001865   Thumb Code   144  hal_tick.o(i.HAL_InitTick)
    HAL_MspInit                              0x08001919   Thumb Code     2  stm32f4xx_hal_msp_template.o(i.HAL_MspInit)
    HAL_NVIC_SetPriorityGrouping             0x0800191d   Thumb Code    30  stm32f4xx_hal_cortex.o(i.HAL_NVIC_SetPriorityGrouping)
    HAL_RCC_ClockConfig                      0x08001941   Thumb Code   546  stm32f4xx_hal_rcc.o(i.HAL_RCC_ClockConfig)
    HAL_RCC_GetClockConfig                   0x08001b71   Thumb Code    54  stm32f4xx_hal_rcc.o(i.HAL_RCC_GetClockConfig)
    HAL_RCC_GetPCLK1Freq                     0x08001bb1   Thumb Code    64  stm32f4xx_hal_rcc.o(i.HAL_RCC_GetPCLK1Freq)
    HAL_RCC_GetPCLK2Freq                     0x08001bfd   Thumb Code    64  stm32f4xx_hal_rcc.o(i.HAL_RCC_GetPCLK2Freq)
    HAL_RCC_GetSysClockFreq                  0x08001c49   Thumb Code   132  stm32f4xx_hal_rcc.o(i.HAL_RCC_GetSysClockFreq)
    HAL_RCC_OscConfig                        0x08001cdd   Thumb Code   932  stm32f4xx_hal_rcc.o(i.HAL_RCC_OscConfig)
    HAL_SPI_Init                             0x080020a9   Thumb Code   132  stm32f4xx_hal_spi.o(i.HAL_SPI_Init)
    HAL_SPI_MspInit                          0x0800212d   Thumb Code     2  stm32f4xx_hal_spi.o(i.HAL_SPI_MspInit)
    HAL_TIMEx_PWMN_Start                     0x0800212f   Thumb Code    44  stm32f4xx_hal_tim_ex.o(i.HAL_TIMEx_PWMN_Start)
    HAL_TIM_OC_Init                          0x0800215b   Thumb Code    54  stm32f4xx_hal_tim.o(i.HAL_TIM_OC_Init)
    HAL_TIM_OC_MspInit                       0x08002191   Thumb Code     2  stm32f4xx_hal_tim.o(i.HAL_TIM_OC_MspInit)
    HAL_TIM_OC_Start                         0x08002193   Thumb Code    54  stm32f4xx_hal_tim.o(i.HAL_TIM_OC_Start)
    HAL_TIM_PWM_ConfigChannel                0x080021c9   Thumb Code   526  stm32f4xx_hal_tim.o(i.HAL_TIM_PWM_ConfigChannel)
    HAL_TIM_PWM_Init                         0x080023dd   Thumb Code    54  stm32f4xx_hal_tim.o(i.HAL_TIM_PWM_Init)
    HAL_TIM_PWM_MspInit                      0x08002413   Thumb Code     2  stm32f4xx_hal_tim.o(i.HAL_TIM_PWM_MspInit)
    HAL_TIM_PWM_Start                        0x08002415   Thumb Code    54  stm32f4xx_hal_tim.o(i.HAL_TIM_PWM_Start)
    HAL_UART_Init                            0x0800244b   Thumb Code    94  stm32f4xx_hal_uart.o(i.HAL_UART_Init)
    HAL_UART_MspInit                         0x080024a9   Thumb Code     2  stm32f4xx_hal_uart.o(i.HAL_UART_MspInit)
    NVIC_SetVector                           0x080024ad   Thumb Code    48  cmsis_nvic.o(i.NVIC_SetVector)
    SetSysClock_PLL_HSE                      0x080024e1   Thumb Code   132  system_stm32f4xx.o(i.SetSysClock_PLL_HSE)
    Set_GPIO_Clock                           0x0800256d   Thumb Code   142  pinmap.o(i.Set_GPIO_Clock)
    SystemCoreClockUpdate                    0x0800263d   Thumb Code   112  system_stm32f4xx.o(i.SystemCoreClockUpdate)
    SystemInit                               0x080026c1   Thumb Code   226  system_stm32f4xx.o(i.SystemInit)
    TIM_Base_SetConfig                       0x080027d1   Thumb Code   132  stm32f4xx_hal_tim.o(i.TIM_Base_SetConfig)
    reed_switch_esp()                        0x08002a7d   Thumb Code   750  pmk_main.o(i._Z15reed_switch_espv)
    flip()                                   0x08002ef9   Thumb Code   148  pmk_main.o(i._Z4flipv)
    MS5803_14BA::getPressure()               0x08002fc1   Thumb Code     6  ms5803_14ba.o(i._ZN11MS5803_14BA11getPressureEv)
    MS5803_14BA::getTemperature()            0x08002fc7   Thumb Code     6  ms5803_14ba.o(i._ZN11MS5803_14BA14getTemperatureEv)
    MS5803_14BA::convert()                   0x08002fcd   Thumb Code   360  ms5803_14ba.o(i._ZN11MS5803_14BA7convertEv)
    MS5803_14BA::MS5803_14BA(PinName, PinName, char, char, char) 0x08003139   Thumb Code   126  ms5803_14ba.o(i._ZN11MS5803_14BAC1E7PinNameS0_ccc)
    MS5803_14BA::MS5803_14BA__sub_object(PinName, PinName, char, char, char) 0x08003139   Thumb Code     0  ms5803_14ba.o(i._ZN11MS5803_14BAC1E7PinNameS0_ccc)
    mbed::FileHandle::~FileHandle()          0x080031b9   Thumb Code     0  retarget.o(i._ZN4mbed10FileHandleD2Ev)
    mbed::FileHandle::~FileHandle__sub_object() 0x080031b9   Thumb Code    38  retarget.o(i._ZN4mbed10FileHandleD2Ev)
    mbed::SerialBase::_base_getc()           0x080031e9   Thumb Code     6  SerialBase.o(i._ZN4mbed10SerialBase10_base_getcEv)
    mbed::SerialBase::_base_putc(int)        0x080031ef   Thumb Code    14  SerialBase.o(i._ZN4mbed10SerialBase10_base_putcEi)
    mbed::SerialBase::_irq_handler(unsigned, SerialIrq) 0x080031fd   Thumb Code    42  SerialBase.o(i._ZN4mbed10SerialBase12_irq_handlerEj9SerialIrq)
    mbed::SerialBase::baud(int)              0x08003227   Thumb Code    16  SerialBase.o(i._ZN4mbed10SerialBase4baudEi)
    mbed::SerialBase::readable()             0x08003237   Thumb Code     6  SerialBase.o(i._ZN4mbed10SerialBase8readableEv)
    mbed::SerialBase::SerialBase(PinName, PinName) 0x0800323d   Thumb Code    86  SerialBase.o(i._ZN4mbed10SerialBaseC1E7PinNameS1_)
    mbed::SerialBase::SerialBase__sub_object(PinName, PinName) 0x0800323d   Thumb Code     0  SerialBase.o(i._ZN4mbed10SerialBaseC1E7PinNameS1_)
    mbed::TimerEvent::irq(unsigned)          0x080032a1   Thumb Code     6  TimerEvent.o(i._ZN4mbed10TimerEvent3irqEj)
    mbed::TimerEvent::insert(unsigned)       0x080032a7   Thumb Code    16  TimerEvent.o(i._ZN4mbed10TimerEvent6insertEj)
    mbed::TimerEvent::remove()               0x080032b7   Thumb Code    10  TimerEvent.o(i._ZN4mbed10TimerEvent6removeEv)
    mbed::TimerEvent::TimerEvent__sub_object() 0x080032c1   Thumb Code    32  TimerEvent.o(i._ZN4mbed10TimerEventC2Ev)
    mbed::TimerEvent::~TimerEvent()          0x080032e9   Thumb Code     0  TimerEvent.o(i._ZN4mbed10TimerEventD2Ev)
    mbed::TimerEvent::~TimerEvent__sub_object() 0x080032e9   Thumb Code    20  TimerEvent.o(i._ZN4mbed10TimerEventD2Ev)
    mbed::InterruptIn::_irq_handler(unsigned, gpio_irq_event) 0x08003301   Thumb Code    66  InterruptIn.o(i._ZN4mbed11InterruptIn12_irq_handlerEj14gpio_irq_event)
    mbed::InterruptIn::fall(void(*)())       0x08003343   Thumb Code    28  InterruptIn.o(i._ZN4mbed11InterruptIn4fallEPFvvE)
    mbed::InterruptIn::InterruptIn(PinName)  0x08003361   Thumb Code    60  InterruptIn.o(i._ZN4mbed11InterruptInC1E7PinName)
    mbed::InterruptIn::InterruptIn__sub_object(PinName) 0x08003361   Thumb Code     0  InterruptIn.o(i._ZN4mbed11InterruptInC1E7PinName)
    mbed::InterruptIn::~InterruptIn()        0x080033a5   Thumb Code    20  InterruptIn.o(i._ZN4mbed11InterruptInD1Ev)
    mbed::InterruptIn::~InterruptIn__sub_object() 0x080033a5   Thumb Code     0  InterruptIn.o(i._ZN4mbed11InterruptInD1Ev)
    mbed::mbed_set_unbuffered_stream(std::__FILE*) 0x080033bd   Thumb Code     6  retarget.o(i._ZN4mbed26mbed_set_unbuffered_streamEPSt6__FILE)
    mbed::I2C::read(int, char*, int, bool)   0x080033c5   Thumb Code    68  I2C.o(i._ZN4mbed3I2C4readEiPcib)
    mbed::I2C::write(int, const char*, int, bool) 0x0800340d   Thumb Code    68  I2C.o(i._ZN4mbed3I2C5writeEiPKcib)
    mbed::I2C::I2C(PinName, PinName)         0x08003455   Thumb Code    28  I2C.o(i._ZN4mbed3I2CC1E7PinNameS1_)
    mbed::I2C::I2C__sub_object(PinName, PinName) 0x08003455   Thumb Code     0  I2C.o(i._ZN4mbed3I2CC1E7PinNameS1_)
    mbed::SPI::write(int)                    0x08003479   Thumb Code    48  SPI.o(i._ZN4mbed3SPI5writeEi)
    mbed::SPI::format(int, int)              0x080034ad   Thumb Code    32  SPI.o(i._ZN4mbed3SPI6formatEii)
    mbed::SPI::frequency(int)                0x080034d1   Thumb Code    36  SPI.o(i._ZN4mbed3SPI9frequencyEi)
    mbed::SPI::SPI(PinName, PinName, PinName, PinName) 0x080034f9   Thumb Code    74  SPI.o(i._ZN4mbed3SPIC1E7PinNameS1_S1_S1_)
    mbed::SPI::SPI__sub_object(PinName, PinName, PinName, PinName) 0x080034f9   Thumb Code     0  SPI.o(i._ZN4mbed3SPIC1E7PinNameS1_S1_S1_)
    mbed::Timer::Timer()                     0x0800354d   Thumb Code    30  Timer.o(i._ZN4mbed5TimerC1Ev)
    mbed::Timer::Timer__sub_object()         0x0800354d   Thumb Code     0  Timer.o(i._ZN4mbed5TimerC1Ev)
    mbed::Serial::Serial(PinName, PinName, const char*) 0x0800356d   Thumb Code    32  Serial.o(i._ZN4mbed6SerialC1E7PinNameS1_PKc)
    mbed::Serial::Serial__sub_object(PinName, PinName, const char*) 0x0800356d   Thumb Code     0  Serial.o(i._ZN4mbed6SerialC1E7PinNameS1_PKc)
    mbed::Serial::~Serial()                  0x08003591   Thumb Code    12  pmk_main.o(i._ZN4mbed6SerialD1Ev)
    mbed::Serial::~Serial__sub_object()      0x08003591   Thumb Code     0  pmk_main.o(i._ZN4mbed6SerialD1Ev)
    mbed::Stream::getc()                     0x0800359d   Thumb Code    20  Stream.o(i._ZN4mbed6Stream4getcEv)
    mbed::Stream::read(void*, unsigned)      0x080035b1   Thumb Code    44  Stream.o(i._ZN4mbed6Stream4readEPvj)
    mbed::Stream::close()                    0x080035dd   Thumb Code     4  Stream.o(i._ZN4mbed6Stream5closeEv)
    mbed::Stream::fsync()                    0x080035e1   Thumb Code     4  Stream.o(i._ZN4mbed6Stream5fsyncEv)
    mbed::Stream::lseek(long, int)           0x080035e5   Thumb Code     4  Stream.o(i._ZN4mbed6Stream5lseekEli)
    mbed::Stream::write(const void*, unsigned) 0x080035e9   Thumb Code    44  Stream.o(i._ZN4mbed6Stream5writeEPKvj)
    mbed::Stream::printf(const char*, ...)   0x08003615   Thumb Code    30  Stream.o(i._ZN4mbed6Stream6printfEPKcz)
    mbed::Stream::Stream__sub_object(const char*) 0x08003635   Thumb Code    52  Stream.o(i._ZN4mbed6StreamC2EPKc)
    mbed::Stream::~Stream()                  0x08003675   Thumb Code     0  Stream.o(i._ZN4mbed6StreamD2Ev)
    mbed::Stream::~Stream__sub_object()      0x08003675   Thumb Code    28  Stream.o(i._ZN4mbed6StreamD2Ev)
    mbed::Ticker::setup(unsigned)            0x08003695   Thumb Code    32  Ticker.o(i._ZN4mbed6Ticker5setupEj)
    mbed::Ticker::detach()                   0x080036b5   Thumb Code    16  Ticker.o(i._ZN4mbed6Ticker6detachEv)
    mbed::Ticker::handler()                  0x080036c5   Thumb Code    52  Ticker.o(i._ZN4mbed6Ticker7handlerEv)
    mbed::Ticker::~Ticker()                  0x080036f9   Thumb Code    24  pmk_main.o(i._ZN4mbed6TickerD1Ev)
    mbed::Ticker::~Ticker__sub_object()      0x080036f9   Thumb Code     0  pmk_main.o(i._ZN4mbed6TickerD1Ev)
    mbed::FileBase::getPathType()            0x08003715   Thumb Code     4  FileBase.o(i._ZN4mbed8FileBase11getPathTypeEv)
    mbed::FileBase::lookup(const char*, unsigned) 0x08003719   Thumb Code    50  FileBase.o(i._ZN4mbed8FileBase6lookupEPKcj)
    mbed::FileBase::FileBase(const char*, mbed::PathType) 0x08003751   Thumb Code    28  FileBase.o(i._ZN4mbed8FileBaseC1EPKcNS_8PathTypeE)
    mbed::FileBase::FileBase__sub_object(const char*, mbed::PathType) 0x08003751   Thumb Code     0  FileBase.o(i._ZN4mbed8FileBaseC1EPKcNS_8PathTypeE)
    mbed::FileBase::~FileBase()              0x08003775   Thumb Code    46  FileBase.o(i._ZN4mbed8FileBaseD1Ev)
    mbed::FileBase::~FileBase__sub_object()  0x08003775   Thumb Code     0  FileBase.o(i._ZN4mbed8FileBaseD1Ev)
    mbed::FileLike::FileLike__sub_object(const char*) 0x080037ad   Thumb Code    26  FileLike.o(i._ZN4mbed8FileLikeC2EPKc)
    mbed::FileLike::~FileLike()              0x080037d1   Thumb Code     0  FileLike.o(i._ZN4mbed8FileLikeD2Ev)
    mbed::FileLike::~FileLike__sub_object()  0x080037d1   Thumb Code    18  FileLike.o(i._ZN4mbed8FileLikeD2Ev)
    mbed::FilePath::fileSystem()             0x080037e3   Thumb Code    24  FilePath.o(i._ZN4mbed8FilePath10fileSystemEv)
    mbed::FilePath::file()                   0x080037fb   Thumb Code    28  FilePath.o(i._ZN4mbed8FilePath4fileEv)
    mbed::FilePath::exists()                 0x08003817   Thumb Code    10  FilePath.o(i._ZN4mbed8FilePath6existsEv)
    mbed::FilePath::isFile()                 0x08003821   Thumb Code    24  FilePath.o(i._ZN4mbed8FilePath6isFileEv)
    mbed::FilePath::fileName()               0x08003839   Thumb Code     4  FilePath.o(i._ZN4mbed8FilePath8fileNameEv)
    mbed::FilePath::FilePath(const char*)    0x0800383d   Thumb Code    64  FilePath.o(i._ZN4mbed8FilePathC1EPKc)
    mbed::FilePath::FilePath__sub_object(const char*) 0x0800383d   Thumb Code     0  FilePath.o(i._ZN4mbed8FilePathC1EPKc)
    mbed::mbed_getc(std::__FILE*)            0x0800387d   Thumb Code     4  retarget.o(i._ZN4mbed9mbed_getcEPSt6__FILE)
    DS1820::temperature(char)                0x08003881   Thumb Code   480  ds1820.o(i._ZN6DS182011temperatureEc)
    DS1820::onewire_reset(mbed::DigitalInOut*) 0x08003a6d   Thumb Code   106  ds1820.o(i._ZN6DS182013onewire_resetEPN4mbed12DigitalInOutE)
    DS1820::onewire_bit_in(mbed::DigitalInOut*) 0x08003add   Thumb Code   102  ds1820.o(i._ZN6DS182014onewire_bit_inEPN4mbed12DigitalInOutE)
    DS1820::onewire_bit_out(mbed::DigitalInOut*, bool) 0x08003b49   Thumb Code   126  ds1820.o(i._ZN6DS182015onewire_bit_outEPN4mbed12DigitalInOutEb)
    DS1820::convertTemperature(bool, DS1820::devices) 0x08003bcd   Thumb Code   378  ds1820.o(i._ZN6DS182018convertTemperatureEbNS_7devicesE)
    DS1820::search_ROM_routine(mbed::DigitalInOut*, char, char*) 0x08003d4d   Thumb Code   442  ds1820.o(i._ZN6DS182018search_ROM_routineEPN4mbed12DigitalInOutEcPc)
    DS1820::DS1820(PinName, PinName, bool)   0x08003f0d   Thumb Code   224  ds1820.o(i._ZN6DS1820C1E7PinNameS0_b)
    DS1820::DS1820__sub_object(PinName, PinName, bool) 0x08003f0d   Thumb Code     0  ds1820.o(i._ZN6DS1820C1E7PinNameS0_b)
    DS1820::~DS1820()                        0x08004011   Thumb Code    54  ds1820.o(i._ZN6DS1820D1Ev)
    DS1820::~DS1820__sub_object()            0x08004011   Thumb Code     0  ds1820.o(i._ZN6DS1820D1Ev)
    NokiaLcd::DrawString(char*)              0x0800404d   Thumb Code    76  nokia_5110.o(i._ZN8NokiaLcd10DrawStringEPc)
    NokiaLcd::SendFunction(char)             0x0800409d   Thumb Code    80  nokia_5110.o(i._ZN8NokiaLcd12SendFunctionEc)
    NokiaLcd::SetXY(char, char)              0x080040f1   Thumb Code    36  nokia_5110.o(i._ZN8NokiaLcd5SetXYEcc)
    NokiaLcd::InitLcd()                      0x08004115   Thumb Code   216  nokia_5110.o(i._ZN8NokiaLcd7InitLcdEv)
    NokiaLcd::NokiaLcd(LcdPins)              0x080041f1   Thumb Code   180  nokia_5110.o(i._ZN8NokiaLcdC1E7LcdPins)
    NokiaLcd::NokiaLcd__sub_object(LcdPins)  0x080041f1   Thumb Code     0  nokia_5110.o(i._ZN8NokiaLcdC1E7LcdPins)
    thunk{-84} to mbed::Serial::_getc()      0x080042a9   Thumb Code     6  Serial.o(i._ZThn84_N4mbed6Serial5_getcEv)
    thunk{-84} to mbed::Serial::_putc(int)   0x080042af   Thumb Code     6  Serial.o(i._ZThn84_N4mbed6Serial5_putcEi)
    operator delete[] (void*)                0x080042b5   Thumb Code     8  array_del.o(i._ZdaPv)
    operator delete (void*)                  0x080042bd   Thumb Code     8  delete.o(i._ZdlPv)
    operator new[] (unsigned)                0x080042c5   Thumb Code     8  array_new.o(i._Znaj)
    operator new(unsigned)                   0x080042cd   Thumb Code    34  new.o(i._Znwj)
    __0sprintf                               0x080042f5   Thumb Code    34  printfa.o(i.__0sprintf)
    __1sprintf                               0x080042f5   Thumb Code     0  printfa.o(i.__0sprintf)
    __2sprintf                               0x080042f5   Thumb Code     0  printfa.o(i.__0sprintf)
    __c89sprintf                             0x080042f5   Thumb Code     0  printfa.o(i.__0sprintf)
    sprintf                                  0x080042f5   Thumb Code     0  printfa.o(i.__0sprintf)
    __0vfprintf                              0x0800431d   Thumb Code    20  printfa.o(i.__0vfprintf)
    __1vfprintf                              0x0800431d   Thumb Code     0  printfa.o(i.__0vfprintf)
    __2vfprintf                              0x0800431d   Thumb Code     0  printfa.o(i.__0vfprintf)
    __c89vfprintf                            0x0800431d   Thumb Code     0  printfa.o(i.__0vfprintf)
    vfprintf                                 0x0800431d   Thumb Code     0  printfa.o(i.__0vfprintf)
    __ARM_common_memclr4_9                   0x08004335   Thumb Code    12  ds1820.o(i.__ARM_common_memclr4_9)
    __aeabi_atexit                           0x08004341   Thumb Code    50  aeabi_atexit.o(i.__aeabi_atexit)
    __aeabi_vec_ctor_nocookie_nodtor         0x08004373   Thumb Code    34  aeabi_vec_ctor_nocookie_nodtor.o(i.__aeabi_vec_ctor_nocookie_nodtor)
    __cxa_finalize                           0x08004395   Thumb Code    66  cxa_finalize.o(i.__cxa_finalize)
    __cxa_pure_virtual                       0x080043d7   Thumb Code     6  pure_virt.o(i.__cxa_pure_virtual)
    __hardfp_floorf                          0x080043dd   Thumb Code    98  floorf.o(i.__hardfp_floorf)
    __scatterload_copy                       0x0800444d   Thumb Code    14  handlers.o(i.__scatterload_copy)
    __scatterload_null                       0x0800445b   Thumb Code     2  handlers.o(i.__scatterload_null)
    __scatterload_zeroinit                   0x0800445d   Thumb Code    14  handlers.o(i.__scatterload_zeroinit)
    fclose                                   0x0800458d   Thumb Code     6  fclose_f.o(i._fclose$full)
    fopen                                    0x08004593   Thumb Code    40  fopen_f.o(i._fopen$full)
    freopen                                  0x08004719   Thumb Code    94  fopen_f.o(i._freopen$full)
    _sys_close                               0x08004ec9   Thumb Code    40  retarget.o(i._sys_close)
    _sys_ensure                              0x08004ef5   Thumb Code    34  retarget.o(i._sys_ensure)
    _sys_open                                0x08004f1d   Thumb Code   212  retarget.o(i._sys_open)
    _sys_read                                0x08005001   Thumb Code    70  retarget.o(i._sys_read)
    _sys_seek                                0x08005055   Thumb Code    36  retarget.o(i._sys_seek)
    _sys_write                               0x0800507d   Thumb Code    82  retarget.o(i._sys_write)
    analogin_init                            0x080050dd   Thumb Code   146  analogin_api.o(i.analogin_init)
    analogin_read_u16                        0x080051b9   Thumb Code   164  analogin_api.o(i.analogin_read_u16)
    error                                    0x08005261   Thumb Code    20  error.o(i.error)
    exit                                     0x08005279   Thumb Code    24  retarget.o(i.exit)
    free                                     0x08005299   Thumb Code    76  malloc.o(i.free)
    get_us_ticker_data                       0x080052e9   Thumb Code     4  us_ticker_api.o(i.get_us_ticker_data)
    gpio_dir                                 0x080052f1   Thumb Code    54  gpio_api.o(i.gpio_dir)
    gpio_init                                0x08005345   Thumb Code    58  gpio_api.o(i.gpio_init)
    gpio_init_in                             0x0800537f   Thumb Code    40  gpio.o(i.gpio_init_in)
    gpio_init_out                            0x080053a9   Thumb Code    68  gpio.o(i.gpio_init_out)
    gpio_init_out_ex                         0x080053f5   Thumb Code    80  gpio.o(i.gpio_init_out_ex)
    gpio_irq_free                            0x08005499   Thumb Code    68  gpio_irq_api.o(i.gpio_irq_free)
    gpio_irq_init                            0x080054e5   Thumb Code   242  gpio_irq_api.o(i.gpio_irq_init)
    gpio_irq_set                             0x08005629   Thumb Code   114  gpio_irq_api.o(i.gpio_irq_set)
    gpio_mode                                0x0800569b   Thumb Code     8  gpio_api.o(i.gpio_mode)
    i2c_frequency                            0x08005725   Thumb Code    98  i2c_api.o(i.i2c_frequency)
    i2c_init                                 0x080057b1   Thumb Code   430  i2c_api.o(i.i2c_init)
    i2c_read                                 0x080059a5   Thumb Code   302  i2c_api.o(i.i2c_read)
    i2c_write                                0x08005ad9   Thumb Code   270  i2c_api.o(i.i2c_write)
    $Super$$main                             0x08005c5d   Thumb Code   888  pmk_main.o(i.main)
    malloc                                   0x08006109   Thumb Code    92  malloc.o(i.malloc)
    mbed_assert_internal                     0x08006175   Thumb Code    12  assert.o(i.mbed_assert_internal)
    mbed_die                                 0x080061b5   Thumb Code    80  board.o(i.mbed_die)
    mbed_main                                0x08006221   Thumb Code     2  retarget.o(i.mbed_main)
    mbed_sdk_init                            0x08006223   Thumb Code    14  mbed_overrides.o(i.mbed_sdk_init)
    pin_function                             0x08006231   Thumb Code    80  pinmap.o(i.pin_function)
    pin_mode                                 0x0800629d   Thumb Code    64  pinmap.o(i.pin_mode)
    pinmap_function                          0x080062f5   Thumb Code    62  pinmap_common.o(i.pinmap_function)
    pinmap_merge                             0x08006355   Thumb Code    38  pinmap_common.o(i.pinmap_merge)
    pinmap_peripheral                        0x08006391   Thumb Code    62  pinmap_common.o(i.pinmap_peripheral)
    pinmap_pinout                            0x080063f1   Thumb Code    72  pinmap_common.o(i.pinmap_pinout)
    pwmout_init                              0x0800644d   Thumb Code   296  pwmout_api.o(i.pwmout_init)
    pwmout_period_ms                         0x080065b9   Thumb Code    10  pwmout_api.o(i.pwmout_period_ms)
    pwmout_period_us                         0x080065c5   Thumb Code   270  pwmout_api.o(i.pwmout_period_us)
    pwmout_write                             0x080066fd   Thumb Code   164  pwmout_api.o(i.pwmout_write)
    serial_baud                              0x080067c1   Thumb Code    84  serial_api.o(i.serial_baud)
    serial_getc                              0x0800681d   Thumb Code    26  serial_api.o(i.serial_getc)
    serial_init                              0x0800683d   Thumb Code   322  serial_api.o(i.serial_init)
    serial_irq_handler                       0x080069d5   Thumb Code    14  serial_api.o(i.serial_irq_handler)
    serial_putc                              0x080069ed   Thumb Code    30  serial_api.o(i.serial_putc)
    serial_readable                          0x08006a11   Thumb Code    14  serial_api.o(i.serial_readable)
    spi_format                               0x08006a25   Thumb Code   102  spi_api.o(i.spi_format)
    spi_frequency                            0x08006a8d   Thumb Code   112  spi_api.o(i.spi_frequency)
    spi_init                                 0x08006b21   Thumb Code   292  spi_api.o(i.spi_init)
    spi_master_write                         0x08006c79   Thumb Code    44  spi_api.o(i.spi_master_write)
    ticker_insert_event                      0x08006ca9   Thumb Code    62  ticker_api.o(i.ticker_insert_event)
    ticker_irq_handler                       0x08006ce7   Thumb Code    78  ticker_api.o(i.ticker_irq_handler)
    ticker_read                              0x08006d35   Thumb Code     6  ticker_api.o(i.ticker_read)
    ticker_remove_event                      0x08006d3b   Thumb Code    60  ticker_api.o(i.ticker_remove_event)
    ticker_set_handler                       0x08006d77   Thumb Code    18  ticker_api.o(i.ticker_set_handler)
    timer_irq_handler                        0x08006d89   Thumb Code    76  hal_tick.o(i.timer_irq_handler)
    us_ticker_clear_interrupt                0x08006ddd   Thumb Code    12  us_ticker.o(i.us_ticker_clear_interrupt)
    us_ticker_disable_interrupt              0x08006ded   Thumb Code    14  us_ticker.o(i.us_ticker_disable_interrupt)
    us_ticker_init                           0x08006e01   Thumb Code    26  us_ticker.o(i.us_ticker_init)
    us_ticker_irq_handler                    0x08006e29   Thumb Code     6  us_ticker_api.o(i.us_ticker_irq_handler)
    us_ticker_read                           0x08006e35   Thumb Code    30  us_ticker.o(i.us_ticker_read)
    us_ticker_set_interrupt                  0x08006e65   Thumb Code    16  us_ticker.o(i.us_ticker_set_interrupt)
    wait                                     0x08006e79   Thumb Code    36  wait_api.o(i.wait)
    wait_ms                                  0x08006ea1   Thumb Code    28  wait_api.o(i.wait_ms)
    wait_us                                  0x08006ebd   Thumb Code    24  wait_api.o(i.wait_us)
    LinkedList<node>::pop(unsigned)          0x08006ed5   Thumb Code    58  linkedlist.o(t._ZN10LinkedListI4nodeE3popEj)
    LinkedList<node>::append(void*)          0x08006f11   Thumb Code    60  linkedlist.o(t._ZN10LinkedListI4nodeE6appendEPv)
    LinkedList<node>::length()               0x08006f69   Thumb Code    22  linkedlist.o(t._ZN10LinkedListI4nodeE6lengthEv)
    LinkedList<node>::remove(unsigned)       0x08006f81   Thumb Code    90  linkedlist.o(t._ZN10LinkedListI4nodeE6removeEj)
    LinkedList<node>::LinkedList()           0x08006fdb   Thumb Code     6  linkedlist.o(t._ZN10LinkedListI4nodeEC1Ev)
    LinkedList<node>::LinkedList__sub_object() 0x08006fdb   Thumb Code     0  linkedlist.o(t._ZN10LinkedListI4nodeEC1Ev)
    LinkedList<node>::~LinkedList()          0x08006fe1   Thumb Code    48  linkedlist.o(t._ZN10LinkedListI4nodeED1Ev)
    LinkedList<node>::~LinkedList__sub_object() 0x08006fe1   Thumb Code     0  linkedlist.o(t._ZN10LinkedListI4nodeED1Ev)
    APBAHBPrescTable                         0x08007360   Data          16  stm32f4xx_hal_rcc.o(.constdata)
    AHBPrescTable                            0x08007370   Data          16  system_stm32f4xx.o(.constdata)
    PinMap_ADC                               0x0800739c   Data         204  PeripheralPins.o(.constdata)
    PinMap_I2C_SDA                           0x08007468   Data          72  PeripheralPins.o(.constdata)
    PinMap_I2C_SCL                           0x080074b0   Data          60  PeripheralPins.o(.constdata)
    PinMap_PWM                               0x080074ec   Data         360  PeripheralPins.o(.constdata)
    PinMap_UART_TX                           0x08007654   Data          72  PeripheralPins.o(.constdata)
    PinMap_UART_RX                           0x0800769c   Data          72  PeripheralPins.o(.constdata)
    PinMap_SPI_MOSI                          0x080076e4   Data          72  PeripheralPins.o(.constdata)
    PinMap_SPI_MISO                          0x0800772c   Data          72  PeripheralPins.o(.constdata)
    PinMap_SPI_SCLK                          0x08007774   Data          72  PeripheralPins.o(.constdata)
    PinMap_SPI_SSEL                          0x080077bc   Data          60  PeripheralPins.o(.constdata)
    __ctype_categories                       0x0800782c   Data          64  ctype_c.o(.constdata)
    vtable for mbed::FileHandle              0x0800786c   Data          44  retarget.o(.constdata__ZTVN4mbed10FileHandleE)
    vtable for mbed::SerialBase              0x08007898   Data          16  SerialBase.o(.constdata__ZTVN4mbed10SerialBaseE)
    vtable for mbed::TimerEvent              0x080078a8   Data          20  TimerEvent.o(.constdata__ZTVN4mbed10TimerEventE)
    vtable for mbed::InterruptIn             0x080078bc   Data          16  InterruptIn.o(.constdata__ZTVN4mbed11InterruptInE)
    vtable for mbed::SPI                     0x080078cc   Data          20  SPI.o(.constdata__ZTVN4mbed3SPIE)
    vtable for mbed::Serial                  0x080078e0   Data          92  Serial.o(.constdata__ZTVN4mbed6SerialE)
    vtable for mbed::Stream                  0x0800793c   Data          68  Stream.o(.constdata__ZTVN4mbed6StreamE)
    vtable for mbed::Ticker                  0x08007980   Data          20  Ticker.o(.constdata__ZTVN4mbed6TickerE)
    vtable for mbed::FileBase                0x08007994   Data          16  FileBase.o(.constdata__ZTVN4mbed8FileBaseE)
    vtable for mbed::FileLike                0x080079a4   Data          60  FileLike.o(.constdata__ZTVN4mbed8FileLikeE)
    Region$$Table$$Base                      0x08007d28   Number         0  anon$$obj.o(Region$$Table)
    Region$$Table$$Limit                     0x08007d48   Number         0  anon$$obj.o(Region$$Table)
    SHT$$INIT_ARRAY$$Base                    0x08007d48   Number         0  ds1820.o(.init_array)
    SHT$$INIT_ARRAY$$Limit                   0x08007d50   Number         0  pmk_main.o(.init_array)
    DS1820::probes                           0x20000194   Data           4  ds1820.o(.data)
    PreviousVal                              0x20000198   Data           4  hal_tick.o(.data)
    update_now                               0x2000019c   Data           1  pmk_main.o(.data)
    time_sec                                 0x200001a0   Data           4  pmk_main.o(.data)
    time_min                                 0x200001a4   Data           4  pmk_main.o(.data)
    adc_i                                    0x200001a8   Data           4  pmk_main.o(.data)
    adc_tmp                                  0x200001ac   Data           4  pmk_main.o(.data)
    tmp_temp                                 0x200001b0   Data           4  pmk_main.o(.data)
    average_tmp                              0x200001b4   Data           4  pmk_main.o(.data)
    average_adc                              0x200001b8   Data           4  pmk_main.o(.data)
    average_presure                          0x200001bc   Data           4  pmk_main.o(.data)
    average_presure_temp                     0x200001c0   Data           4  pmk_main.o(.data)
    analog_value                             0x200001c4   Data           8  pmk_main.o(.data)
    ssid                                     0x200001cc   Data          32  pmk_main.o(.data)
    pwd                                      0x200001ec   Data          32  pmk_main.o(.data)
    SystemCoreClock                          0x20000214   Data           4  system_stm32f4xx.o(.data)
    adc_inited                               0x20000218   Data           4  analogin_api.o(.data)
    stdio_uart_inited                        0x2000021c   Data           4  serial_api.o(.data)
    mbed::I2C::_owner                        0x20000224   Data           4  I2C.o(.data)
    mbed::SPI::_owner                        0x20000228   Data           4  SPI.o(.data)
    i2c1_inited                              0x20000278   Data           4  i2c_api.o(.data)
    i2c2_inited                              0x2000027c   Data           4  i2c_api.o(.data)
    i2c3_inited                              0x20000280   Data           4  i2c_api.o(.data)
    mbed::FileBase::_head                    0x20000288   Data           4  FileBase.o(.data)
    __microlib_freelist                      0x2000029c   Data           4  mvars.o(.data)
    __microlib_freelist_initialised          0x200002a0   Data           4  mvars.o(.data)
    TimMasterHandle                          0x200002a4   Data          60  hal_tick.o(.bss)
    mybutton                                 0x200002e0   Data          84  pmk_main.o(.bss)
    myled                                    0x20000334   Data          16  pmk_main.o(.bss)
    pc                                       0x20000344   Data         108  pmk_main.o(.bss)
    esp                                      0x200003b0   Data         108  pmk_main.o(.bss)
    hc04                                     0x2000041c   Data         108  pmk_main.o(.bss)
    ps                                       0x20000488   Data          56  pmk_main.o(.bss)
    probe                                    0x200004c0   Data          56  pmk_main.o(.bss)
    sound                                    0x200004f8   Data          20  pmk_main.o(.bss)
    flipper                                  0x2000050c   Data          48  pmk_main.o(.bss)
    t                                        0x2000053c   Data          16  pmk_main.o(.bss)
    adc_merenja                              0x2000054c   Data         400  pmk_main.o(.bss)
    temp_merenja                             0x200006dc   Data         400  pmk_main.o(.bss)
    pressure_presure                         0x2000086c   Data         400  pmk_main.o(.bss)
    pressure_temperature                     0x200009fc   Data         400  pmk_main.o(.bss)
    str_time                                 0x20000b8c   Data          40  pmk_main.o(.bss)
    str_min                                  0x20000bb4   Data          20  pmk_main.o(.bss)
    str_sec                                  0x20000bc8   Data          20  pmk_main.o(.bss)
    str_average_tmp                          0x20000bdc   Data          20  pmk_main.o(.bss)
    str_average_adc                          0x20000bf0   Data          20  pmk_main.o(.bss)
    str_average_presure                      0x20000c04   Data          20  pmk_main.o(.bss)
    str_average_presure_temp                 0x20000c18   Data          20  pmk_main.o(.bss)
    povezi_ap                                0x20000c2c   Data          50  pmk_main.o(.bss)
    esp_str                                  0x20000c5e   Data        1024  pmk_main.o(.bss)
    url                                      0x2000105e   Data         128  pmk_main.o(.bss)
    AdcHandle                                0x20001120   Data          68  analogin_api.o(.bss)
    UartHandle                               0x200011c0   Data          64  serial_api.o(.bss)
    stdio_uart                               0x20001200   Data          28  serial_api.o(.bss)
    I2cHandle                                0x20001430   Data          60  i2c_api.o(.bss)
    __stdout                                 0x20001500   Data          20  stdout_f.o(.bss)
    __stderr                                 0x20001514   Data          20  stderr_f.o(.bss)
    __heap_base                              0x20001528   Data           0  startup_stm32f401xe.o(HEAP)
    Image$$RW_IRAM1$$ZI$$Limit               0x20001928   Number         0  startup_stm32f401xe.o(HEAP)
    __heap_limit                             0x20017c00   Number         0  startup_stm32f401xe.o ABSOLUTE
    __initial_sp                             0x20018000   Number         0  startup_stm32f401xe.o ABSOLUTE



==============================================================================

Memory Map of the image

  Image Entry point : 0x08000195

  Load Region LR_IROM1 (Base: 0x08000000, Size: 0x00007e60, Max: 0x00080000, ABSOLUTE)

    Execution Region ER_IROM1 (Base: 0x08000000, Size: 0x00007d50, Max: 0x00080000, ABSOLUTE)

    Base Addr    Size         Type   Attr      Idx    E Section Name        Object

    0x08000000   0x00000194   Data   RO         1671    RESET               startup_stm32f401xe.o
    0x08000194   0x00000000   Code   RO         4409  * .ARM.Collect$$$$00000000  mc_w.l(entry.o)
    0x08000194   0x00000004   Code   RO         4841    .ARM.Collect$$$$00000001  mc_w.l(entry2.o)
    0x08000198   0x00000004   Code   RO         4844    .ARM.Collect$$$$00000004  mc_w.l(entry5.o)
    0x0800019c   0x00000004   Code   RO         4411    .ARM.Collect$$$$00000006  mc_w.l(entry6b.o)
    0x080001a0   0x00000000   Code   RO         4846    .ARM.Collect$$$$00000008  mc_w.l(entry7b.o)
    0x080001a0   0x00000004   Code   RO         4847    .ARM.Collect$$$$00000009  mc_w.l(entry8a.o)
    0x080001a4   0x00000000   Code   RO         4848    .ARM.Collect$$$$0000000A  mc_w.l(entry8b.o)
    0x080001a4   0x00000008   Code   RO         4849    .ARM.Collect$$$$0000000B  mc_w.l(entry9a.o)
    0x080001ac   0x00000000   Code   RO         4851    .ARM.Collect$$$$0000000D  mc_w.l(entry10a.o)
    0x080001ac   0x00000000   Code   RO         4853    .ARM.Collect$$$$0000000F  mc_w.l(entry11a.o)
    0x080001ac   0x00000004   Code   RO         4842    .ARM.Collect$$$$00002712  mc_w.l(entry2.o)
    0x080001b0   0x00000024   Code   RO         1672    .text               startup_stm32f401xe.o
    0x080001d4   0x0000004e   Code   RO         4437    .text               mc_w.l(fgetc_bpf.o)
    0x08000222   0x00000002   PAD
    0x08000224   0x00000020   Code   RO         4455    .text               mc_w.l(initio_oe.o)
    0x08000244   0x00000028   Code   RO         4461    .text               mc_w.l(fputc_fp.o)
    0x0800026c   0x00000026   Code   RO         4465    .text               mc_w.l(fflush_fe.o)
    0x08000292   0x00000002   Code   RO         4473    .text               mc_w.l(setbuf.o)
    0x08000294   0x0000005a   Code   RO         4479    .text               mc_w.l(ldiv.o)
    0x080002ee   0x00000024   Code   RO         4481    .text               mc_w.l(memcpya.o)
    0x08000312   0x00000024   Code   RO         4483    .text               mc_w.l(memseta.o)
    0x08000336   0x00000018   Code   RO         4485    .text               mc_w.l(strcat.o)
    0x0800034e   0x00000024   Code   RO         4487    .text               mc_w.l(strstr.o)
    0x08000372   0x0000000e   Code   RO         4491    .text               mc_w.l(strlen.o)
    0x08000380   0x0000001c   Code   RO         4493    .text               mc_w.l(strcmp.o)
    0x0800039c   0x0000001e   Code   RO         4495    .text               mc_w.l(strncmp.o)
    0x080003ba   0x00000002   PAD
    0x080003bc   0x00000038   Code   RO         4762    .text               mc_w.l(__0sscanf.o)
    0x080003f4   0x00000150   Code   RO         4764    .text               mc_w.l(_scanf_int.o)
    0x08000544   0x00000020   Code   RO         4769    .text               mc_w.l(cpp_init.o)
    0x08000564   0x0000014e   Code   RO         4771    .text               mf_w.l(dadd.o)
    0x080006b2   0x000000e4   Code   RO         4773    .text               mf_w.l(dmul.o)
    0x08000796   0x000000de   Code   RO         4775    .text               mf_w.l(ddiv.o)
    0x08000874   0x0000002a   Code   RO         4777    .text               mf_w.l(ffltl.o)
    0x0800089e   0x0000001a   Code   RO         4779    .text               mf_w.l(dfltui.o)
    0x080008b8   0x00000026   Code   RO         4783    .text               mf_w.l(f2d.o)
    0x080008de   0x00000038   Code   RO         4785    .text               mf_w.l(d2f.o)
    0x08000916   0x00000004   Code   RO         4790    .text               cpprt_w.l(arm_newhandler_noexceptions.o)
    0x0800091a   0x0000002c   Code   RO         4860    .text               mc_w.l(uidiv.o)
    0x08000946   0x00000062   Code   RO         4862    .text               mc_w.l(uldiv.o)
    0x080009a8   0x0000001e   Code   RO         4864    .text               mc_w.l(llshl.o)
    0x080009c6   0x00000020   Code   RO         4866    .text               mc_w.l(llushr.o)
    0x080009e6   0x00000024   Code   RO         4868    .text               mc_w.l(llsshr.o)
    0x08000a0a   0x0000001c   Code   RO         4905    .text               mc_w.l(_chval.o)
    0x08000a26   0x00000002   PAD
    0x08000a28   0x00000028   Code   RO         4915    .text               mc_w.l(scanf_char.o)
    0x08000a50   0x00000040   Code   RO         4917    .text               mc_w.l(_sgetc.o)
    0x08000a90   0x00000000   Code   RO         4921    .text               mc_w.l(iusefp.o)
    0x08000a90   0x00000008   Code   RO         4924    .text               mc_w.l(cpp_dtor.o)
    0x08000a98   0x00000002   Code   RO         4927    .text               mc_w.l(cpp_final.o)
    0x08000a9a   0x00000002   PAD
    0x08000a9c   0x00000008   Code   RO         4929    .text               mc_w.l(cpp_memory.o)
    0x08000aa4   0x00000002   Code   RO         4932    .text               mc_w.l(cpp_signal.o)
    0x08000aa6   0x00000002   PAD
    0x08000aa8   0x00000020   Code   RO         4934    .text               mc_w.l(cpp_unwinder.o)
    0x08000ac8   0x0000006c   Code   RO         4937    .text               mf_w.l(fepilogue.o)
    0x08000b34   0x000000be   Code   RO         4939    .text               mf_w.l(depilogue.o)
    0x08000bf2   0x00000030   Code   RO         4947    .text               mf_w.l(dfixul.o)
    0x08000c22   0x00000002   PAD
    0x08000c24   0x00000028   Code   RO         4949    .text               mf_w.l(cdrcmple.o)
    0x08000c4c   0x0000001a   Code   RO         4951    .text               cpprt_w.l(arm_exceptions_terminate.o)
    0x08000c66   0x00000002   PAD
    0x08000c68   0x00000024   Code   RO         4967    .text               mc_w.l(init.o)
    0x08000c8c   0x0000000a   Code   RO         4969    .text               mc_w.l(isspace_c.o)
    0x08000c96   0x00000002   PAD
    0x08000c98   0x0000032c   Code   RO         4973    .text               mc_w.l(_scanf.o)
    0x08000fc4   0x00000050   Code   RO         4982    .text               cpprt_w.l(arm_exceptions_globs.o)
    0x08001014   0x00000028   Code   RO         4988    .text               mc_w.l(ctype_c.o)
    0x0800103c   0x0000003c   Code   RO         4993    .text               cpprt_w.l(arm_exceptions_mem.o)
    0x08001078   0x00000012   Code   RO         1550    i.$Sub$$main        retarget.o
    0x0800108a   0x00000008   Code   RO         3811    i.<Func1>           mbed.ar(SerialBase.o)
    0x08001092   0x00000002   PAD
    0x08001094   0x000001b4   Code   RO         1727    i.HAL_ADC_ConfigChannel  stm32f4xx_hal_adc.o
    0x08001248   0x00000006   Code   RO         1734    i.HAL_ADC_GetValue  stm32f4xx_hal_adc.o
    0x0800124e   0x00000002   PAD
    0x08001250   0x00000164   Code   RO         1736    i.HAL_ADC_Init      stm32f4xx_hal_adc.o
    0x080013b4   0x00000002   Code   RO         1739    i.HAL_ADC_MspInit   stm32f4xx_hal_adc.o
    0x080013b6   0x00000002   PAD
    0x080013b8   0x00000080   Code   RO         1740    i.HAL_ADC_PollForConversion  stm32f4xx_hal_adc.o
    0x08001438   0x000000d4   Code   RO         1742    i.HAL_ADC_Start     stm32f4xx_hal_adc.o
    0x0800150c   0x00000204   Code   RO         2007    i.HAL_GPIO_Init     stm32f4xx_hal_gpio.o
    0x08001710   0x0000000c   Code   RO         1689    i.HAL_GetTick       stm32f4xx_hal.o
    0x0800171c   0x00000100   Code   RO         2084    i.HAL_I2C_Init      stm32f4xx_hal_i2c.o
    0x0800181c   0x00000002   Code   RO         2103    i.HAL_I2C_MspInit   stm32f4xx_hal_i2c.o
    0x0800181e   0x00000002   PAD
    0x08001820   0x00000010   Code   RO         1690    i.HAL_IncTick       stm32f4xx_hal.o
    0x08001830   0x00000034   Code   RO         1691    i.HAL_Init          stm32f4xx_hal.o
    0x08001864   0x000000b4   Code   RO          950    i.HAL_InitTick      hal_tick.o
    0x08001918   0x00000002   Code   RO         2360    i.HAL_MspInit       stm32f4xx_hal_msp_template.o
    0x0800191a   0x00000002   PAD
    0x0800191c   0x00000024   Code   RO         1828    i.HAL_NVIC_SetPriorityGrouping  stm32f4xx_hal_cortex.o
    0x08001940   0x00000230   Code   RO         2527    i.HAL_RCC_ClockConfig  stm32f4xx_hal_rcc.o
    0x08001b70   0x00000040   Code   RO         2531    i.HAL_RCC_GetClockConfig  stm32f4xx_hal_rcc.o
    0x08001bb0   0x0000004c   Code   RO         2534    i.HAL_RCC_GetPCLK1Freq  stm32f4xx_hal_rcc.o
    0x08001bfc   0x0000004c   Code   RO         2535    i.HAL_RCC_GetPCLK2Freq  stm32f4xx_hal_rcc.o
    0x08001c48   0x00000094   Code   RO         2536    i.HAL_RCC_GetSysClockFreq  stm32f4xx_hal_rcc.o
    0x08001cdc   0x000003cc   Code   RO         2539    i.HAL_RCC_OscConfig  stm32f4xx_hal_rcc.o
    0x080020a8   0x00000084   Code   RO         2823    i.HAL_SPI_Init      stm32f4xx_hal_spi.o
    0x0800212c   0x00000002   Code   RO         2825    i.HAL_SPI_MspInit   stm32f4xx_hal_spi.o
    0x0800212e   0x0000002c   Code   RO         3123    i.HAL_TIMEx_PWMN_Start  stm32f4xx_hal_tim_ex.o
    0x0800215a   0x00000036   Code   RO         2948    i.HAL_TIM_OC_Init   stm32f4xx_hal_tim.o
    0x08002190   0x00000002   Code   RO         2950    i.HAL_TIM_OC_MspInit  stm32f4xx_hal_tim.o
    0x08002192   0x00000036   Code   RO         2951    i.HAL_TIM_OC_Start  stm32f4xx_hal_tim.o
    0x080021c8   0x00000214   Code   RO         2967    i.HAL_TIM_PWM_ConfigChannel  stm32f4xx_hal_tim.o
    0x080023dc   0x00000036   Code   RO         2970    i.HAL_TIM_PWM_Init  stm32f4xx_hal_tim.o
    0x08002412   0x00000002   Code   RO         2972    i.HAL_TIM_PWM_MspInit  stm32f4xx_hal_tim.o
    0x08002414   0x00000036   Code   RO         2974    i.HAL_TIM_PWM_Start  stm32f4xx_hal_tim.o
    0x0800244a   0x0000005e   Code   RO         3187    i.HAL_UART_Init     stm32f4xx_hal_uart.o
    0x080024a8   0x00000002   Code   RO         3189    i.HAL_UART_MspInit  stm32f4xx_hal_uart.o
    0x080024aa   0x00000002   PAD
    0x080024ac   0x00000034   Code   RO           11    i.NVIC_SetVector    cmsis_nvic.o
    0x080024e0   0x0000008c   Code   RO         3474    i.SetSysClock_PLL_HSE  system_stm32f4xx.o
    0x0800256c   0x000000d0   Code   RO         4129    i.Set_GPIO_Clock    mbed.ar(pinmap.o)
    0x0800263c   0x00000084   Code   RO         3476    i.SystemCoreClockUpdate  system_stm32f4xx.o
    0x080026c0   0x00000110   Code   RO         3477    i.SystemInit        system_stm32f4xx.o
    0x080027d0   0x00000094   Code   RO         2985    i.TIM_Base_SetConfig  stm32f4xx_hal_tim.o
    0x08002864   0x00000218   Code   RO         3205    i.UART_SetConfig    stm32f4xx_hal_uart.o
    0x08002a7c   0x00000478   Code   RO         1337    i._Z15reed_switch_espv  pmk_main.o
    0x08002ef4   0x00000004   PAD
    0x08002ef8   0x000000c8   Code   RO         1338    i._Z4flipv          pmk_main.o
    0x08002fc0   0x00000006   Code   RO         1057    i._ZN11MS5803_14BA11getPressureEv  ms5803_14ba.o
    0x08002fc6   0x00000006   Code   RO         1058    i._ZN11MS5803_14BA14getTemperatureEv  ms5803_14ba.o
    0x08002fcc   0x0000016c   Code   RO         1060    i._ZN11MS5803_14BA7convertEv  ms5803_14ba.o
    0x08003138   0x0000007e   Code   RO         1066    i._ZN11MS5803_14BAC1E7PinNameS0_ccc  ms5803_14ba.o
    0x080031b6   0x00000002   PAD
    0x080031b8   0x00000030   Code   RO         1552    i._ZN4mbed10FileHandleD2Ev  retarget.o
    0x080031e8   0x00000006   Code   RO         3812    i._ZN4mbed10SerialBase10_base_getcEv  mbed.ar(SerialBase.o)
    0x080031ee   0x0000000e   Code   RO         3813    i._ZN4mbed10SerialBase10_base_putcEi  mbed.ar(SerialBase.o)
    0x080031fc   0x0000002a   Code   RO         3815    i._ZN4mbed10SerialBase12_irq_handlerEj9SerialIrq  mbed.ar(SerialBase.o)
    0x08003226   0x00000010   Code   RO         3816    i._ZN4mbed10SerialBase4baudEi  mbed.ar(SerialBase.o)
    0x08003236   0x00000006   Code   RO         3819    i._ZN4mbed10SerialBase8readableEv  mbed.ar(SerialBase.o)
    0x0800323c   0x00000064   Code   RO         3821    i._ZN4mbed10SerialBaseC1E7PinNameS1_  mbed.ar(SerialBase.o)
    0x080032a0   0x00000006   Code   RO         3974    i._ZN4mbed10TimerEvent3irqEj  mbed.ar(TimerEvent.o)
    0x080032a6   0x00000010   Code   RO         3975    i._ZN4mbed10TimerEvent6insertEj  mbed.ar(TimerEvent.o)
    0x080032b6   0x0000000a   Code   RO         3976    i._ZN4mbed10TimerEvent6removeEv  mbed.ar(TimerEvent.o)
    0x080032c0   0x00000028   Code   RO         3978    i._ZN4mbed10TimerEventC2Ev  mbed.ar(TimerEvent.o)
    0x080032e8   0x00000018   Code   RO         3980    i._ZN4mbed10TimerEventD2Ev  mbed.ar(TimerEvent.o)
    0x08003300   0x00000042   Code   RO         3701    i._ZN4mbed11InterruptIn12_irq_handlerEj14gpio_irq_event  mbed.ar(InterruptIn.o)
    0x08003342   0x0000001c   Code   RO         3702    i._ZN4mbed11InterruptIn4fallEPFvvE  mbed.ar(InterruptIn.o)
    0x0800335e   0x00000002   PAD
    0x08003360   0x00000044   Code   RO         3706    i._ZN4mbed11InterruptInC1E7PinName  mbed.ar(InterruptIn.o)
    0x080033a4   0x00000018   Code   RO         3708    i._ZN4mbed11InterruptInD1Ev  mbed.ar(InterruptIn.o)
    0x080033bc   0x00000006   Code   RO         1553    i._ZN4mbed26mbed_set_unbuffered_streamEPSt6__FILE  retarget.o
    0x080033c2   0x00000002   PAD
    0x080033c4   0x00000048   Code   RO         3668    i._ZN4mbed3I2C4readEiPcib  mbed.ar(I2C.o)
    0x0800340c   0x00000048   Code   RO         3672    i._ZN4mbed3I2C5writeEiPKcib  mbed.ar(I2C.o)
    0x08003454   0x00000024   Code   RO         3675    i._ZN4mbed3I2CC1E7PinNameS1_  mbed.ar(I2C.o)
    0x08003478   0x00000034   Code   RO         3741    i._ZN4mbed3SPI5writeEi  mbed.ar(SPI.o)
    0x080034ac   0x00000024   Code   RO         3743    i._ZN4mbed3SPI6formatEii  mbed.ar(SPI.o)
    0x080034d0   0x00000028   Code   RO         3744    i._ZN4mbed3SPI9frequencyEi  mbed.ar(SPI.o)
    0x080034f8   0x00000054   Code   RO         3745    i._ZN4mbed3SPIC1E7PinNameS1_S1_S1_  mbed.ar(SPI.o)
    0x0800354c   0x0000001e   Code   RO         3948    i._ZN4mbed5TimerC1Ev  mbed.ar(Timer.o)
    0x0800356a   0x00000002   PAD
    0x0800356c   0x00000024   Code   RO         3773    i._ZN4mbed6SerialC1E7PinNameS1_PKc  mbed.ar(Serial.o)
    0x08003590   0x0000000c   Code   RO         1384    i._ZN4mbed6SerialD1Ev  pmk_main.o
    0x0800359c   0x00000014   Code   RO         3857    i._ZN4mbed6Stream4getcEv  mbed.ar(Stream.o)
    0x080035b0   0x0000002c   Code   RO         3861    i._ZN4mbed6Stream4readEPvj  mbed.ar(Stream.o)
    0x080035dc   0x00000004   Code   RO         3862    i._ZN4mbed6Stream5closeEv  mbed.ar(Stream.o)
    0x080035e0   0x00000004   Code   RO         3863    i._ZN4mbed6Stream5fsyncEv  mbed.ar(Stream.o)
    0x080035e4   0x00000004   Code   RO         3864    i._ZN4mbed6Stream5lseekEli  mbed.ar(Stream.o)
    0x080035e8   0x0000002c   Code   RO         3866    i._ZN4mbed6Stream5writeEPKvj  mbed.ar(Stream.o)
    0x08003614   0x0000001e   Code   RO         3868    i._ZN4mbed6Stream6printfEPKcz  mbed.ar(Stream.o)
    0x08003632   0x00000002   PAD
    0x08003634   0x00000040   Code   RO         3869    i._ZN4mbed6StreamC2EPKc  mbed.ar(Stream.o)
    0x08003674   0x00000020   Code   RO         3871    i._ZN4mbed6StreamD2Ev  mbed.ar(Stream.o)
    0x08003694   0x00000020   Code   RO         3920    i._ZN4mbed6Ticker5setupEj  mbed.ar(Ticker.o)
    0x080036b4   0x00000010   Code   RO         3921    i._ZN4mbed6Ticker6detachEv  mbed.ar(Ticker.o)
    0x080036c4   0x00000034   Code   RO         3922    i._ZN4mbed6Ticker7handlerEv  mbed.ar(Ticker.o)
    0x080036f8   0x0000001c   Code   RO         1387    i._ZN4mbed6TickerD1Ev  pmk_main.o
    0x08003714   0x00000004   Code   RO         4183    i._ZN4mbed8FileBase11getPathTypeEv  mbed.ar(FileBase.o)
    0x08003718   0x00000038   Code   RO         4185    i._ZN4mbed8FileBase6lookupEPKcj  mbed.ar(FileBase.o)
    0x08003750   0x00000024   Code   RO         4187    i._ZN4mbed8FileBaseC1EPKcNS_8PathTypeE  mbed.ar(FileBase.o)
    0x08003774   0x00000038   Code   RO         4189    i._ZN4mbed8FileBaseD1Ev  mbed.ar(FileBase.o)
    0x080037ac   0x00000024   Code   RO         4213    i._ZN4mbed8FileLikeC2EPKc  mbed.ar(FileLike.o)
    0x080037d0   0x00000012   Code   RO         4215    i._ZN4mbed8FileLikeD2Ev  mbed.ar(FileLike.o)
    0x080037e2   0x00000018   Code   RO         3582    i._ZN4mbed8FilePath10fileSystemEv  mbed.ar(FilePath.o)
    0x080037fa   0x0000001c   Code   RO         3584    i._ZN4mbed8FilePath4fileEv  mbed.ar(FilePath.o)
    0x08003816   0x0000000a   Code   RO         3585    i._ZN4mbed8FilePath6existsEv  mbed.ar(FilePath.o)
    0x08003820   0x00000018   Code   RO         3586    i._ZN4mbed8FilePath6isFileEv  mbed.ar(FilePath.o)
    0x08003838   0x00000004   Code   RO         3587    i._ZN4mbed8FilePath8fileNameEv  mbed.ar(FilePath.o)
    0x0800383c   0x00000040   Code   RO         3588    i._ZN4mbed8FilePathC1EPKc  mbed.ar(FilePath.o)
    0x0800387c   0x00000004   Code   RO         1554    i._ZN4mbed9mbed_getcEPSt6__FILE  retarget.o
    0x08003880   0x000001ec   Code   RO           18    i._ZN6DS182011temperatureEc  ds1820.o
    0x08003a6c   0x00000070   Code   RO           19    i._ZN6DS182013onewire_resetEPN4mbed12DigitalInOutE  ds1820.o
    0x08003adc   0x0000006c   Code   RO           21    i._ZN6DS182014onewire_bit_inEPN4mbed12DigitalInOutE  ds1820.o
    0x08003b48   0x00000084   Code   RO           22    i._ZN6DS182015onewire_bit_outEPN4mbed12DigitalInOutEb  ds1820.o
    0x08003bcc   0x00000180   Code   RO           31    i._ZN6DS182018convertTemperatureEbNS_7devicesE  ds1820.o
    0x08003d4c   0x000001c0   Code   RO           32    i._ZN6DS182018search_ROM_routineEPN4mbed12DigitalInOutEcPc  ds1820.o
    0x08003f0c   0x00000104   Code   RO           37    i._ZN6DS1820C1E7PinNameS0_b  ds1820.o
    0x08004010   0x0000003c   Code   RO           38    i._ZN6DS1820D1Ev    ds1820.o
    0x0800404c   0x00000050   Code   RO         1165    i._ZN8NokiaLcd10DrawStringEPc  nokia_5110.o
    0x0800409c   0x00000054   Code   RO         1169    i._ZN8NokiaLcd12SendFunctionEc  nokia_5110.o
    0x080040f0   0x00000024   Code   RO         1173    i._ZN8NokiaLcd5SetXYEcc  nokia_5110.o
    0x08004114   0x000000dc   Code   RO         1174    i._ZN8NokiaLcd7InitLcdEv  nokia_5110.o
    0x080041f0   0x000000b8   Code   RO         1179    i._ZN8NokiaLcdC1E7LcdPins  nokia_5110.o
    0x080042a8   0x00000006   Code   RO         3774    i._ZThn84_N4mbed6Serial5_getcEv  mbed.ar(Serial.o)
    0x080042ae   0x00000006   Code   RO         3775    i._ZThn84_N4mbed6Serial5_putcEi  mbed.ar(Serial.o)
    0x080042b4   0x00000008   Code   RO         4266    i._ZdaPv            cpprt_w.l(array_del.o)
    0x080042bc   0x00000008   Code   RO         4273    i._ZdlPv            cpprt_w.l(delete.o)
    0x080042c4   0x00000008   Code   RO         4269    i._Znaj             cpprt_w.l(array_new.o)
    0x080042cc   0x00000028   Code   RO         4276    i._Znwj             cpprt_w.l(new.o)
    0x080042f4   0x00000028   Code   RO         4734    i.__0sprintf        mc_w.l(printfa.o)
    0x0800431c   0x00000018   Code   RO         4735    i.__0vfprintf       mc_w.l(printfa.o)
    0x08004334   0x0000000c   Code   RO          161    i.__ARM_common_memclr4_9  ds1820.o
    0x08004340   0x00000032   Code   RO         4283    i.__aeabi_atexit    cpprt_w.l(aeabi_atexit.o)
    0x08004372   0x00000022   Code   RO         4286    i.__aeabi_vec_ctor_nocookie_nodtor  cpprt_w.l(aeabi_vec_ctor_nocookie_nodtor.o)
    0x08004394   0x00000042   Code   RO         4803    i.__cxa_finalize    cpprt_w.l(cxa_finalize.o)
    0x080043d6   0x00000006   Code   RO         4280    i.__cxa_pure_virtual  cpprt_w.l(pure_virt.o)
    0x080043dc   0x00000070   Code   RO         4389    i.__hardfp_floorf   m_wm.l(floorf.o)
    0x0800444c   0x0000000e   Code   RO         4998    i.__scatterload_copy  mc_w.l(handlers.o)
    0x0800445a   0x00000002   Code   RO         4999    i.__scatterload_null  mc_w.l(handlers.o)
    0x0800445c   0x0000000e   Code   RO         5000    i.__scatterload_zeroinit  mc_w.l(handlers.o)
    0x0800446a   0x00000002   PAD
    0x0800446c   0x00000020   Code   RO           39    i.__sti___10_DS1820_cpp  ds1820.o
    0x0800448c   0x00000100   Code   RO         1340    i.__sti___12_PMK_main_cpp  pmk_main.o
    0x0800458c   0x00000006   Code   RO         4451    i._fclose$full      mc_w.l(fclose_f.o)
    0x08004592   0x00000028   Code   RO         4447    i._fopen$full       mc_w.l(fopen_f.o)
    0x080045ba   0x00000002   PAD
    0x080045bc   0x0000015c   Code   RO         4739    i._fp_digits        mc_w.l(printfa.o)
    0x08004718   0x0000005e   Code   RO         4448    i._freopen$full     mc_w.l(fopen_f.o)
    0x08004776   0x00000002   PAD
    0x08004778   0x000006f0   Code   RO         4740    i._printf_core      mc_w.l(printfa.o)
    0x08004e68   0x00000026   Code   RO         4741    i._printf_post_padding  mc_w.l(printfa.o)
    0x08004e8e   0x00000030   Code   RO         4742    i._printf_pre_padding  mc_w.l(printfa.o)
    0x08004ebe   0x0000000a   Code   RO         4744    i._sputc            mc_w.l(printfa.o)
    0x08004ec8   0x0000002c   Code   RO         1556    i._sys_close        retarget.o
    0x08004ef4   0x00000028   Code   RO         1558    i._sys_ensure       retarget.o
    0x08004f1c   0x000000e4   Code   RO         1561    i._sys_open         retarget.o
    0x08005000   0x00000054   Code   RO         1562    i._sys_read         retarget.o
    0x08005054   0x00000028   Code   RO         1563    i._sys_seek         retarget.o
    0x0800507c   0x00000060   Code   RO         1564    i._sys_write        retarget.o
    0x080050dc   0x000000dc   Code   RO         3489    i.analogin_init     mbed.ar(analogin_api.o)
    0x080051b8   0x000000a8   Code   RO         3491    i.analogin_read_u16  mbed.ar(analogin_api.o)
    0x08005260   0x00000018   Code   RO         4006    i.error             mbed.ar(error.o)
    0x08005278   0x00000020   Code   RO         1566    i.exit              retarget.o
    0x08005298   0x00000050   Code   RO         4870    i.free              mc_w.l(malloc.o)
    0x080052e8   0x00000008   Code   RO         4027    i.get_us_ticker_data  mbed.ar(us_ticker_api.o)
    0x080052f0   0x00000054   Code   RO         3502    i.gpio_dir          mbed.ar(gpio_api.o)
    0x08005344   0x0000003a   Code   RO         3503    i.gpio_init         mbed.ar(gpio_api.o)
    0x0800537e   0x00000028   Code   RO         4012    i.gpio_init_in      mbed.ar(gpio.o)
    0x080053a6   0x00000002   PAD
    0x080053a8   0x0000004c   Code   RO         4015    i.gpio_init_out     mbed.ar(gpio.o)
    0x080053f4   0x0000006c   Code   RO         4016    i.gpio_init_out_ex  mbed.ar(gpio.o)
    0x08005460   0x00000008   Code   RO         4062    i.gpio_irq0         mbed.ar(gpio_irq_api.o)
    0x08005468   0x00000008   Code   RO         4063    i.gpio_irq1         mbed.ar(gpio_irq_api.o)
    0x08005470   0x00000008   Code   RO         4064    i.gpio_irq2         mbed.ar(gpio_irq_api.o)
    0x08005478   0x00000008   Code   RO         4065    i.gpio_irq3         mbed.ar(gpio_irq_api.o)
    0x08005480   0x00000008   Code   RO         4066    i.gpio_irq4         mbed.ar(gpio_irq_api.o)
    0x08005488   0x00000008   Code   RO         4067    i.gpio_irq5         mbed.ar(gpio_irq_api.o)
    0x08005490   0x00000008   Code   RO         4068    i.gpio_irq6         mbed.ar(gpio_irq_api.o)
    0x08005498   0x0000004c   Code   RO         4071    i.gpio_irq_free     mbed.ar(gpio_irq_api.o)
    0x080054e4   0x00000144   Code   RO         4072    i.gpio_irq_init     mbed.ar(gpio_irq_api.o)
    0x08005628   0x00000072   Code   RO         4073    i.gpio_irq_set      mbed.ar(gpio_irq_api.o)
    0x0800569a   0x00000008   Code   RO         3504    i.gpio_mode         mbed.ar(gpio_api.o)
    0x080056a2   0x00000002   PAD
    0x080056a4   0x00000080   Code   RO         4074    i.handle_interrupt_in  mbed.ar(gpio_irq_api.o)
    0x08005724   0x0000008c   Code   RO         4096    i.i2c_frequency     mbed.ar(i2c_api.o)
    0x080057b0   0x000001f4   Code   RO         4097    i.i2c_init          mbed.ar(i2c_api.o)
    0x080059a4   0x00000134   Code   RO         4098    i.i2c_read          mbed.ar(i2c_api.o)
    0x08005ad8   0x00000114   Code   RO         4105    i.i2c_write         mbed.ar(i2c_api.o)
    0x08005bec   0x00000070   Code   RO         4141    i.init_spi          mbed.ar(spi_api.o)
    0x08005c5c   0x000004ac   Code   RO         1341    i.main              pmk_main.o
    0x08006108   0x0000006c   Code   RO         4871    i.malloc            mc_w.l(malloc.o)
    0x08006174   0x00000040   Code   RO         4002    i.mbed_assert_internal  mbed.ar(assert.o)
    0x080061b4   0x0000006c   Code   RO            3    i.mbed_die          board.o
    0x08006220   0x00000002   Code   RO         1567    i.mbed_main         retarget.o
    0x08006222   0x0000000e   Code   RO         1051    i.mbed_sdk_init     mbed_overrides.o
    0x08006230   0x0000006c   Code   RO         4130    i.pin_function      mbed.ar(pinmap.o)
    0x0800629c   0x00000058   Code   RO         4131    i.pin_mode          mbed.ar(pinmap.o)
    0x080062f4   0x00000060   Code   RO         4238    i.pinmap_function   mbed.ar(pinmap_common.o)
    0x08006354   0x0000003c   Code   RO         4239    i.pinmap_merge      mbed.ar(pinmap_common.o)
    0x08006390   0x00000060   Code   RO         4240    i.pinmap_peripheral  mbed.ar(pinmap_common.o)
    0x080063f0   0x0000005c   Code   RO         4241    i.pinmap_pinout     mbed.ar(pinmap_common.o)
    0x0800644c   0x0000016c   Code   RO         3516    i.pwmout_init       mbed.ar(pwmout_api.o)
    0x080065b8   0x0000000a   Code   RO         3518    i.pwmout_period_ms  mbed.ar(pwmout_api.o)
    0x080065c2   0x00000002   PAD
    0x080065c4   0x00000138   Code   RO         3519    i.pwmout_period_us  mbed.ar(pwmout_api.o)
    0x080066fc   0x000000c4   Code   RO         3524    i.pwmout_write      mbed.ar(pwmout_api.o)
    0x080067c0   0x0000005c   Code   RO         3541    i.serial_baud       mbed.ar(serial_api.o)
    0x0800681c   0x00000020   Code   RO         3547    i.serial_getc       mbed.ar(serial_api.o)
    0x0800683c   0x00000198   Code   RO         3548    i.serial_init       mbed.ar(serial_api.o)
    0x080069d4   0x00000018   Code   RO         3549    i.serial_irq_handler  mbed.ar(serial_api.o)
    0x080069ec   0x00000024   Code   RO         3552    i.serial_putc       mbed.ar(serial_api.o)
    0x08006a10   0x00000014   Code   RO         3553    i.serial_readable   mbed.ar(serial_api.o)
    0x08006a24   0x00000066   Code   RO         4143    i.spi_format        mbed.ar(spi_api.o)
    0x08006a8a   0x00000002   PAD
    0x08006a8c   0x00000094   Code   RO         4145    i.spi_frequency     mbed.ar(spi_api.o)
    0x08006b20   0x00000158   Code   RO         4146    i.spi_init          mbed.ar(spi_api.o)
    0x08006c78   0x00000030   Code   RO         4147    i.spi_master_write  mbed.ar(spi_api.o)
    0x08006ca8   0x0000003e   Code   RO         4253    i.ticker_insert_event  mbed.ar(ticker_api.o)
    0x08006ce6   0x0000004e   Code   RO         4254    i.ticker_irq_handler  mbed.ar(ticker_api.o)
    0x08006d34   0x00000006   Code   RO         4255    i.ticker_read       mbed.ar(ticker_api.o)
    0x08006d3a   0x0000003c   Code   RO         4256    i.ticker_remove_event  mbed.ar(ticker_api.o)
    0x08006d76   0x00000012   Code   RO         4257    i.ticker_set_handler  mbed.ar(ticker_api.o)
    0x08006d88   0x00000054   Code   RO          951    i.timer_irq_handler  hal_tick.o
    0x08006ddc   0x00000010   Code   RO         4167    i.us_ticker_clear_interrupt  mbed.ar(us_ticker.o)
    0x08006dec   0x00000014   Code   RO         4168    i.us_ticker_disable_interrupt  mbed.ar(us_ticker.o)
    0x08006e00   0x00000028   Code   RO         4169    i.us_ticker_init    mbed.ar(us_ticker.o)
    0x08006e28   0x0000000c   Code   RO         4028    i.us_ticker_irq_handler  mbed.ar(us_ticker_api.o)
    0x08006e34   0x00000030   Code   RO         4170    i.us_ticker_read    mbed.ar(us_ticker.o)
    0x08006e64   0x00000014   Code   RO         4171    i.us_ticker_set_interrupt  mbed.ar(us_ticker.o)
    0x08006e78   0x00000028   Code   RO         4038    i.wait              mbed.ar(wait_api.o)
    0x08006ea0   0x0000001c   Code   RO         4039    i.wait_ms           mbed.ar(wait_api.o)
    0x08006ebc   0x00000018   Code   RO         4040    i.wait_us           mbed.ar(wait_api.o)
    0x08006ed4   0x0000003a   Code   RO         1005    t._ZN10LinkedListI4nodeE3popEj  linkedlist.o
    0x08006f0e   0x00000002   PAD
    0x08006f10   0x00000058   Code   RO          999    t._ZN10LinkedListI4nodeE6appendEPv  linkedlist.o
    0x08006f68   0x00000016   Code   RO          975    t._ZN10LinkedListI4nodeE6lengthEv  linkedlist.o
    0x08006f7e   0x00000002   PAD
    0x08006f80   0x0000005a   Code   RO          981    t._ZN10LinkedListI4nodeE6removeEj  linkedlist.o
    0x08006fda   0x00000006   Code   RO          969    t._ZN10LinkedListI4nodeEC1Ev  linkedlist.o
    0x08006fe0   0x00000030   Code   RO          987    t._ZN10LinkedListI4nodeED1Ev  linkedlist.o
    0x08007010   0x0000005a   Data   RO           62    .constdata          ds1820.o
    0x0800706a   0x00000002   PAD
    0x0800706c   0x00000298   Data   RO         1197    .constdata          nokia_5110.o
    0x08007304   0x0000005c   Data   RO         1349    .constdata          pmk_main.o
    0x08007360   0x00000010   Data   RO         2540    .constdata          stm32f4xx_hal_rcc.o
    0x08007370   0x00000010   Data   RO         3478    .constdata          system_stm32f4xx.o
    0x08007380   0x00000014   Data   RO         4029    .constdata          mbed.ar(us_ticker_api.o)
    0x08007394   0x00000008   Data   RO         4030    .constdata          mbed.ar(us_ticker_api.o)
    0x0800739c   0x000000cc   Data   RO         4048    .constdata          mbed.ar(PeripheralPins.o)
    0x08007468   0x00000048   Data   RO         4049    .constdata          mbed.ar(PeripheralPins.o)
    0x080074b0   0x0000003c   Data   RO         4050    .constdata          mbed.ar(PeripheralPins.o)
    0x080074ec   0x00000168   Data   RO         4051    .constdata          mbed.ar(PeripheralPins.o)
    0x08007654   0x00000048   Data   RO         4052    .constdata          mbed.ar(PeripheralPins.o)
    0x0800769c   0x00000048   Data   RO         4053    .constdata          mbed.ar(PeripheralPins.o)
    0x080076e4   0x00000048   Data   RO         4054    .constdata          mbed.ar(PeripheralPins.o)
    0x0800772c   0x00000048   Data   RO         4055    .constdata          mbed.ar(PeripheralPins.o)
    0x08007774   0x00000048   Data   RO         4056    .constdata          mbed.ar(PeripheralPins.o)
    0x080077bc   0x0000003c   Data   RO         4057    .constdata          mbed.ar(PeripheralPins.o)
    0x080077f8   0x00000034   Data   RO         4132    .constdata          mbed.ar(pinmap.o)
    0x0800782c   0x00000040   Data   RO         4989    .constdata          mc_w.l(ctype_c.o)
    0x0800786c   0x0000002c   Data   RO         1662    .constdata__ZTVN4mbed10FileHandleE  retarget.o
    0x08007898   0x00000010   Data   RO         3847    .constdata__ZTVN4mbed10SerialBaseE  mbed.ar(SerialBase.o)
    0x080078a8   0x00000014   Data   RO         3999    .constdata__ZTVN4mbed10TimerEventE  mbed.ar(TimerEvent.o)
    0x080078bc   0x00000010   Data   RO         3736    .constdata__ZTVN4mbed11InterruptInE  mbed.ar(InterruptIn.o)
    0x080078cc   0x00000014   Data   RO         3760    .constdata__ZTVN4mbed3SPIE  mbed.ar(SPI.o)
    0x080078e0   0x0000005c   Data   RO         3789    .constdata__ZTVN4mbed6SerialE  mbed.ar(Serial.o)
    0x0800793c   0x00000044   Data   RO         3915    .constdata__ZTVN4mbed6StreamE  mbed.ar(Stream.o)
    0x08007980   0x00000014   Data   RO         3932    .constdata__ZTVN4mbed6TickerE  mbed.ar(Ticker.o)
    0x08007994   0x00000010   Data   RO         4208    .constdata__ZTVN4mbed8FileBaseE  mbed.ar(FileBase.o)
    0x080079a4   0x0000003c   Data   RO         4231    .constdata__ZTVN4mbed8FileLikeE  mbed.ar(FileLike.o)
    0x080079e0   0x0000006e   Data   RO            4    .conststring        board.o
    0x08007a4e   0x00000002   PAD
    0x08007a50   0x0000006a   Data   RO         3493    .conststring        mbed.ar(analogin_api.o)
    0x08007aba   0x00000002   PAD
    0x08007abc   0x00000066   Data   RO         3506    .conststring        mbed.ar(gpio_api.o)
    0x08007b22   0x00000002   PAD
    0x08007b24   0x00000068   Data   RO         3526    .conststring        mbed.ar(pwmout_api.o)
    0x08007b8c   0x00000068   Data   RO         3559    .conststring        mbed.ar(serial_api.o)
    0x08007bf4   0x00000065   Data   RO         4107    .conststring        mbed.ar(i2c_api.o)
    0x08007c59   0x00000003   PAD
    0x08007c5c   0x00000064   Data   RO         4133    .conststring        mbed.ar(pinmap.o)
    0x08007cc0   0x00000065   Data   RO         4152    .conststring        mbed.ar(spi_api.o)
    0x08007d25   0x00000003   PAD
    0x08007d28   0x00000020   Data   RO         4996    Region$$Table       anon$$obj.o
    0x08007d48   0x00000004   Data   RO           64    .init_array         ds1820.o
    0x08007d4c   0x00000004   Data   RO         1352    .init_array         pmk_main.o


    Execution Region RW_IRAM1 (Base: 0x20000194, Size: 0x00001794, Max: 0x00017e6c, ABSOLUTE)

    Base Addr    Size         Type   Attr      Idx    E Section Name        Object

    0x20000194   0x00000004   Data   RW           63    .data               ds1820.o
    0x20000198   0x00000004   Data   RW          953    .data               hal_tick.o
    0x2000019c   0x00000070   Data   RW         1350    .data               pmk_main.o
    0x2000020c   0x00000004   Data   RW         1612    .data               retarget.o
    0x20000210   0x00000004   Data   RW         1697    .data               stm32f4xx_hal.o
    0x20000214   0x00000004   Data   RW         3479    .data               system_stm32f4xx.o
    0x20000218   0x00000004   Data   RW         3494    .data               mbed.ar(analogin_api.o)
    0x2000021c   0x00000008   Data   RW         3560    .data               mbed.ar(serial_api.o)
    0x20000224   0x00000004   Data   RW         3685    .data               mbed.ar(I2C.o)
    0x20000228   0x00000004   Data   RW         3751    .data               mbed.ar(SPI.o)
    0x2000022c   0x00000008   Data   RW         4031    .data               mbed.ar(us_ticker_api.o)
    0x20000234   0x00000044   Data   RW         4076    .data               mbed.ar(gpio_irq_api.o)
    0x20000278   0x0000000c   Data   RW         4108    .data               mbed.ar(i2c_api.o)
    0x20000284   0x00000004   Data   RW         4173    .data               mbed.ar(us_ticker.o)
    0x20000288   0x00000004   Data   RW         4197    .data               mbed.ar(FileBase.o)
    0x2000028c   0x00000004   Data   RW         4925    .data               mc_w.l(cpp_dtor.o)
    0x20000290   0x00000004   Data   RW         4930    .data               mc_w.l(cpp_memory.o)
    0x20000294   0x00000008   Data   RW         4935    .data               mc_w.l(cpp_unwinder.o)
    0x2000029c   0x00000004   Data   RW         4971    .data               mc_w.l(mvars.o)
    0x200002a0   0x00000004   Data   RW         4972    .data               mc_w.l(mvars.o)
    0x200002a4   0x0000003c   Zero   RW          952    .bss                hal_tick.o
    0x200002e0   0x00000dfe   Zero   RW         1347    .bss                pmk_main.o
    0x200010de   0x00000002   PAD
    0x200010e0   0x00000040   Zero   RW         1608    .bss                retarget.o
    0x20001120   0x00000044   Zero   RW         3492    .bss                mbed.ar(analogin_api.o)
    0x20001164   0x0000003c   Zero   RW         3525    .bss                mbed.ar(pwmout_api.o)
    0x200011a0   0x0000007c   Zero   RW         3558    .bss                mbed.ar(serial_api.o)
    0x2000121c   0x00000214   Zero   RW         4075    .bss                mbed.ar(gpio_irq_api.o)
    0x20001430   0x0000003c   Zero   RW         4106    .bss                mbed.ar(i2c_api.o)
    0x2000146c   0x00000058   Zero   RW         4151    .bss                mbed.ar(spi_api.o)
    0x200014c4   0x0000003c   Zero   RW         4172    .bss                mbed.ar(us_ticker.o)
    0x20001500   0x00000014   Zero   RW         4477    .bss                mc_w.l(stdout_f.o)
    0x20001514   0x00000014   Zero   RW         4478    .bss                mc_w.l(stderr_f.o)
    0x20001528   0x00000400   Zero   RW         1670    HEAP                startup_stm32f401xe.o


==============================================================================

Image component sizes


      Code (inc. data)   RO Data    RW Data    ZI Data      Debug   Object Name

       108         28        110          0          0        124   board.o
        52          4          0          0          0        132   cmsis_nvic.o
      2040         96         94          4          0     171355   ds1820.o
       264         44          0          4         60        256   hal_tick.o
       312         28          0          0          0       3964   linkedlist.o
        14          0          0          0          0        128   mbed_overrides.o
       502          4          0          0          0       5012   ms5803_14ba.o
       604         16        664          0          0       9980   nokia_5110.o
      2836        826         96        112       3582      22961   pmk_main.o
       642         76         44          4         64       1480   retarget.o
        36          8        404          0       1024        276   startup_stm32f401xe.o
        80         16          0          4          0        356   stm32f4xx_hal.o
      1140         38          0          0          0        776   stm32f4xx_hal_adc.o
        36          6          0          0          0        116   stm32f4xx_hal_cortex.o
       516         22          0          0          0        140   stm32f4xx_hal_gpio.o
       258          8          0          0          0        244   stm32f4xx_hal_i2c.o
         2          0          0          0          0        116   stm32f4xx_hal_msp_template.o
      1896        104         16          0          0        768   stm32f4xx_hal_rcc.o
       134          0          0          0          0        244   stm32f4xx_hal_spi.o
       900         22          0          0          0        980   stm32f4xx_hal_tim.o
        44          0          0          0          0        116   stm32f4xx_hal_tim_ex.o
       632         14          0          0          0        376   stm32f4xx_hal_uart.o
       544         74         16          4          0        400   system_stm32f4xx.o

    ----------------------------------------------------------------------
     13614       1438       1480        132       4732     220300   Object Totals
         0          0         32          0          0          0   (incl. Generated)
        22          4          4          0          2          0   (incl. Padding)

    ----------------------------------------------------------------------

      Code (inc. data)   RO Data    RW Data    ZI Data      Debug   Library Member Name

        50          0          0          0          0         84   aeabi_atexit.o
        34          0          0          0          0         84   aeabi_vec_ctor_nocookie_nodtor.o
        80         12          0          0          0        104   arm_exceptions_globs.o
        60          0          0          0          0        108   arm_exceptions_mem.o
        26          0          0          0          0         76   arm_exceptions_terminate.o
         4          0          0          0          0         68   arm_newhandler_noexceptions.o
         8          0          0          0          0         76   array_del.o
         8          0          0          0          0         76   array_new.o
        66          0          0          0          0         84   cxa_finalize.o
         8          0          0          0          0         76   delete.o
        40          6          0          0          0         76   new.o
         6          0          0          0          0         68   pure_virt.o
       112         14          0          0          0        116   floorf.o
       152         24         16          4          0        476   FileBase.o
        54         10         60          0          0        252   FileLike.o
       154          0          0          0          0        728   FilePath.o
       180         16          0          4          0        396   I2C.o
       186         12         16          0          0        484   InterruptIn.o
         0          0       1116          0          0          0   PeripheralPins.o
       212         22         20          4          0        520   SPI.o
        48          4         92          0          0        356   Serial.o
       192         14         16          0          0        844   SerialBase.o
       246         16         68          0          0       1136   Stream.o
       100          0         20          0          0        396   Ticker.o
        30          0          0          0          0        128   Timer.o
        96         12         20          0          0        596   TimerEvent.o
       388         94        106          4         68        272   analogin_api.o
        64         52          0          0          0        116   assert.o
        24          4          0          0          0        128   error.o
       224         36          0          0          0        412   gpio.o
       150         30        102          0          0        388   gpio_api.o
       698        120          0         68        532       1348   gpio_irq_api.o
      1224        124        101         12         60        592   i2c_api.o
       404        126        152          0          0        392   pinmap.o
       344        110          0          0          0        508   pinmap_common.o
       882        142        104          0         60        580   pwmout_api.o
       612        122        104          8        124        728   serial_api.o
       754        122        101          0         88        636   spi_api.o
       224          0          0          0          0        632   ticker_api.o
       144         46          0          4         60        588   us_ticker.o
        20         10         28          8          0        232   us_ticker_api.o
        92          4          0          0          0        384   wait_api.o
        56          8          0          0          0         84   __0sscanf.o
        28          0          0          0          0         68   _chval.o
       812          6          0          0          0        112   _scanf.o
       336          0          0          0          0         96   _scanf_int.o
        64          0          0          0          0         84   _sgetc.o
         8          4          0          4          0         68   cpp_dtor.o
         2          0          0          0          0         68   cpp_final.o
        32         10          0          0          0         80   cpp_init.o
         8          4          0          4          0         68   cpp_memory.o
         2          0          0          0          0         68   cpp_signal.o
        32          6          0          8          0        252   cpp_unwinder.o
        40          6         64          0          0         68   ctype_c.o
         0          0          0          0          0          0   entry.o
         0          0          0          0          0          0   entry10a.o
         0          0          0          0          0          0   entry11a.o
         8          4          0          0          0          0   entry2.o
         4          0          0          0          0          0   entry5.o
         4          0          0          0          0          0   entry6b.o
         0          0          0          0          0          0   entry7b.o
         4          0          0          0          0          0   entry8a.o
         0          0          0          0          0          0   entry8b.o
         8          4          0          0          0          0   entry9a.o
         6          0          0          0          0         68   fclose_f.o
        38          0          0          0          0         80   fflush_fe.o
        78          0          0          0          0        144   fgetc_bpf.o
       134          0          0          0          0        172   fopen_f.o
        40          0          0          0          0         80   fputc_fp.o
        30          0          0          0          0          0   handlers.o
        36          8          0          0          0         68   init.o
        32         12          0          0          0         72   initio_oe.o
        10          0          0          0          0         68   isspace_c.o
         0          0          0          0          0          0   iusefp.o
        90          0          0          0          0         84   ldiv.o
        30          0          0          0          0         68   llshl.o
        36          0          0          0          0         68   llsshr.o
        32          0          0          0          0         68   llushr.o
       188         20          0          0          0        160   malloc.o
        36          0          0          0          0         68   memcpya.o
        36          0          0          0          0        108   memseta.o
         0          0          0          8          0          0   mvars.o
      2284         90          0          0          0        592   printfa.o
        40          8          0          0          0         84   scanf_char.o
         2          0          0          0          0         68   setbuf.o
         0          0          0          0         20          0   stderr_f.o
         0          0          0          0         20          0   stdout_f.o
        24          0          0          0          0         68   strcat.o
        28          0          0          0          0         76   strcmp.o
        14          0          0          0          0         68   strlen.o
        30          0          0          0          0         80   strncmp.o
        36          0          0          0          0         80   strstr.o
        44          0          0          0          0         80   uidiv.o
        98          0          0          0          0         92   uldiv.o
        40          2          0          0          0         68   cdrcmple.o
        56          0          0          0          0         88   d2f.o
       334          0          0          0          0        148   dadd.o
       222          0          0          0          0        100   ddiv.o
       190          0          0          0          0        176   depilogue.o
        48          0          0          0          0         68   dfixul.o
        26          0          0          0          0         76   dfltui.o
       228          0          0          0          0         96   dmul.o
        38          0          0          0          0         68   f2d.o
       108          0          0          0          0        168   fepilogue.o
        42          0          0          0          0         92   ffltl.o

    ----------------------------------------------------------------------
     14670       1496       2316        140       1032      20272   Library Totals
        38          0         10          0          0          0   (incl. Padding)

    ----------------------------------------------------------------------

      Code (inc. data)   RO Data    RW Data    ZI Data      Debug   Library Name

       390         18          0          0          0        980   cpprt_w.l
       112         14          0          0          0        116   m_wm.l
      7898       1272       2242        116        992      14248   mbed.ar
      4900        190         64         24         40       3780   mc_w.l
      1332          2          0          0          0       1148   mf_w.l

    ----------------------------------------------------------------------
     14670       1496       2316        140       1032      20272   Library Totals

    ----------------------------------------------------------------------

==============================================================================


      Code (inc. data)   RO Data    RW Data    ZI Data      Debug   

     28284       2934       3796        272       5764     218040   Grand Totals
     28284       2934       3796        272       5764     218040   ELF Image Totals
     28284       2934       3796        272          0          0   ROM Totals

==============================================================================

    Total RO  Size (Code + RO Data)                32080 (  31.33kB)
    Total RW  Size (RW Data + ZI Data)              6036 (   5.89kB)
    Total ROM Size (Code + RO Data + RW Data)      32352 (  31.59kB)

==============================================================================

