<html>
<body>
<pre>
<h1>µVision Build Log</h1>
<h2>Project:</h2>
C:\Users\Embedded Design\Desktop\PMK_Projekat\PMK_Projekat.uvproj
Project File Date:  05/16/2016

<h2>Output:</h2>
Rebuild target 'PMK_Projekat'
compiling DS1820.cpp...
DS1820/DS1820.h(141): warning:  #1-D: last line of file ends without a newline
DS1820/DS1820.cpp: 1 warning, 0 errors
compiling ESP8266.cpp...
ESP8266/ESP8266.h(67): warning:  #1-D: last line of file ends without a newline
ESP8266/ESP8266.cpp(168): warning:  #1-D: last line of file ends without a newline
ESP8266/ESP8266.cpp: 2 warnings, 0 errors
compiling LinkedList.cpp...
compiling MS5803_14BA.cpp...
compiling NOKIA_5110.cpp...
compiling PMK_main.cpp...
DS1820\DS1820.h(141): warning:  #1-D: last line of file ends without a newline
ESP8266\ESP8266.h(67): warning:  #1-D: last line of file ends without a newline
PMK_main.cpp: 2 warnings, 0 errors
linking...
Program Size: Code=28284 RO-data=3796 RW-data=272 ZI-data=5764  
After Build - User command #1: fromelf --bin --output=PMK_Projekat.bin .\build\PMK_Projekat.axf
".\build\PMK_Projekat.axf" - 0 Error(s), 5 Warning(s).
Load "C:\\Users\\Embedded Design\\Desktop\\PMK_Projekat\\build\\PMK_Projekat.axf" 
Erase Done.
Programming Done.
Verify OK.
</pre>
</body>
</html>
C:\\Users\\Embedded Design\\Desktop\\PMK_Projekat\\build\\PMK_Projekat.axf" 
Erase Done.
Programming Done.
Verify OK.
has been cancelled
