<html>
<body>
<pre>
<h1>µVision Build Log</h1>
<h2>Project:</h2>
C:\Users\Embedded Design\Desktop\Master\Keil\MBED_Keil.uvproj
Project File Date:  07/17/2016

<h2>Output:</h2>
Build target 'MBED_Keil'
compiling main.cpp...
linking...
Program Size: Code=15988 RO-data=1784 RW-data=92 ZI-data=2032  
After Build - User command #1: fromelf --bin --output=MBED_Keil.bin .\build\MBED_Keil.axf
".\build\MBED_Keil.axf" - 0 Error(s), 0 Warning(s).
Load "C:\\Users\\Embedded Design\\Desktop\\Master\\Keil\\build\\MBED_Keil.axf" 
Erase Done.
Programming Done.
Verify OK.
</pre>
</body>
</html>
ter\\Keil\\build\\MBED_Keil.axf" 
Erase Done.
Programming Done.
Verify OK.
uild\MBED_Keil.axf" - 0 Error(s), 3 Warning(s).
Load "C:\\Users\\Embedded Design\\Desktop\\Master\\Keil\\build\\MBED_Keil.axf" 
Erase Done.
Programming Done.
Verify OK.
er\Keil\build\MBED_Keil.axf'
